../Scheduler/scheduler.c:87:1:SCH_Initialize	8	static
../Scheduler/scheduler.c:122:1:SCH_TIM_Start	16	static
../Scheduler/scheduler.c:142:1:SCH_TIM_HasCompleted	16	static
../Scheduler/scheduler.c:159:1:SCH_TASK_ResumeTask	24	static
../Scheduler/scheduler.c:187:1:SCH_TASK_StopTask	24	static
../Scheduler/scheduler.c:220:1:SCH_TASK_CreateTask	24	static
../Scheduler/scheduler.c:268:1:SCH_TIM_CreateTimer	24	static
../Scheduler/scheduler.c:314:1:SCH_TIM_RestartTimer	24	static
../Scheduler/scheduler.c:344:1:SCH_TIM_StopTimer	24	static
../Scheduler/scheduler.c:370:1:SCH_RunSystemTickTimer	24	static
../Scheduler/scheduler.c:452:1:SCH_StartScheduler	8	static
../Scheduler/scheduler.c:467:1:SCH_StopScheduler	8	static
../Scheduler/scheduler.c:491:1:SCH_HandleScheduledTask	24	static
../Scheduler/scheduler.c:547:1:SCH_SystemTick	4	static
