../App/CMDLine/app_command.c:110:1:APP_COMMAND_Init	8	static
../App/CMDLine/app_command.c:120:1:APP_COMMAND_CreateTask	8	static
../App/CMDLine/app_command.c:138:1:APP_COMMAND_Help	24	static
../App/CMDLine/app_command.c:164:1:APP_COMMAND_ReadCurrentOutput	48	static
../App/CMDLine/app_command.c:185:1:APP_COMMAND_SetCurrentOutput	24	static
../App/CMDLine/app_command.c:207:1:APP_COMMAND_SetParaControlCurrent	16	static
../App/CMDLine/app_command.c:226:1:APP_COMMAND_ReadVoltageOutput	48	static
../App/CMDLine/app_command.c:247:1:APP_COMMAND_SetParaControlVoltage	16	static
../App/CMDLine/app_command.c:266:1:APP_COMMAND_MonitorPower	48	static
../App/CMDLine/app_command.c:299:1:APP_COMMAND_MonitorParaPI	64	static
../App/CMDLine/app_command.c:343:1:APP_COMMAND_TaskUpdate	16	static
