../App/CMDLine/app_command.c:84:1:APP_COMMAND_Init	8	static
../App/CMDLine/app_command.c:94:1:APP_COMMAND_CreateTask	8	static
../App/CMDLine/app_command.c:112:1:APP_COMMAND_Help	24	static
../App/CMDLine/app_command.c:137:5:APP_COMMAND_ReadCurrentOutput	32	static
../App/CMDLine/app_command.c:150:5:APP_COMMAND_SetCurrentOutput	16	static
../App/CMDLine/app_command.c:155:5:APP_COMMAND_SetParaControlCurrent	16	static
../App/CMDLine/app_command.c:162:1:APP_COMMAND_ReadVoltageOutput	32	static
../App/CMDLine/app_command.c:202:1:APP_COMMAND_TaskUpdate	16	static
