Archive member included to satisfy reference by file (symbol)

C:/ST/STM32CubeIDE_1.15.1/STM32CubeIDE/plugins/com.st.stm32cube.ide.mcu.externaltools.gnu-tools-for-stm32.12.3.rel1.win32_1.0.100.202403111256/tools/bin/../lib/gcc/arm-none-eabi/12.3.1/../../../../arm-none-eabi/lib/thumb/v7e-m+fp/hard\libc_nano.a(libc_a-exit.o)
                              C:/ST/STM32CubeIDE_1.15.1/STM32CubeIDE/plugins/com.st.stm32cube.ide.mcu.externaltools.gnu-tools-for-stm32.12.3.rel1.win32_1.0.100.202403111256/tools/bin/../lib/gcc/arm-none-eabi/12.3.1/../../../../arm-none-eabi/lib/thumb/v7e-m+fp/hard/crt0.o (exit)
C:/ST/STM32CubeIDE_1.15.1/STM32CubeIDE/plugins/com.st.stm32cube.ide.mcu.externaltools.gnu-tools-for-stm32.12.3.rel1.win32_1.0.100.202403111256/tools/bin/../lib/gcc/arm-none-eabi/12.3.1/../../../../arm-none-eabi/lib/thumb/v7e-m+fp/hard\libc_nano.a(libc_a-findfp.o)
                              C:/ST/STM32CubeIDE_1.15.1/STM32CubeIDE/plugins/com.st.stm32cube.ide.mcu.externaltools.gnu-tools-for-stm32.12.3.rel1.win32_1.0.100.202403111256/tools/bin/../lib/gcc/arm-none-eabi/12.3.1/../../../../arm-none-eabi/lib/thumb/v7e-m+fp/hard\libc_nano.a(libc_a-exit.o) (__stdio_exit_handler)
C:/ST/STM32CubeIDE_1.15.1/STM32CubeIDE/plugins/com.st.stm32cube.ide.mcu.externaltools.gnu-tools-for-stm32.12.3.rel1.win32_1.0.100.202403111256/tools/bin/../lib/gcc/arm-none-eabi/12.3.1/../../../../arm-none-eabi/lib/thumb/v7e-m+fp/hard\libc_nano.a(libc_a-fwalk.o)
                              C:/ST/STM32CubeIDE_1.15.1/STM32CubeIDE/plugins/com.st.stm32cube.ide.mcu.externaltools.gnu-tools-for-stm32.12.3.rel1.win32_1.0.100.202403111256/tools/bin/../lib/gcc/arm-none-eabi/12.3.1/../../../../arm-none-eabi/lib/thumb/v7e-m+fp/hard\libc_nano.a(libc_a-findfp.o) (_fwalk_sglue)
C:/ST/STM32CubeIDE_1.15.1/STM32CubeIDE/plugins/com.st.stm32cube.ide.mcu.externaltools.gnu-tools-for-stm32.12.3.rel1.win32_1.0.100.202403111256/tools/bin/../lib/gcc/arm-none-eabi/12.3.1/../../../../arm-none-eabi/lib/thumb/v7e-m+fp/hard\libc_nano.a(libc_a-stdio.o)
                              C:/ST/STM32CubeIDE_1.15.1/STM32CubeIDE/plugins/com.st.stm32cube.ide.mcu.externaltools.gnu-tools-for-stm32.12.3.rel1.win32_1.0.100.202403111256/tools/bin/../lib/gcc/arm-none-eabi/12.3.1/../../../../arm-none-eabi/lib/thumb/v7e-m+fp/hard\libc_nano.a(libc_a-findfp.o) (__sread)
C:/ST/STM32CubeIDE_1.15.1/STM32CubeIDE/plugins/com.st.stm32cube.ide.mcu.externaltools.gnu-tools-for-stm32.12.3.rel1.win32_1.0.100.202403111256/tools/bin/../lib/gcc/arm-none-eabi/12.3.1/../../../../arm-none-eabi/lib/thumb/v7e-m+fp/hard\libc_nano.a(libc_a-memset.o)
                              C:/ST/STM32CubeIDE_1.15.1/STM32CubeIDE/plugins/com.st.stm32cube.ide.mcu.externaltools.gnu-tools-for-stm32.12.3.rel1.win32_1.0.100.202403111256/tools/bin/../lib/gcc/arm-none-eabi/12.3.1/../../../../arm-none-eabi/lib/thumb/v7e-m+fp/hard/crt0.o (memset)
C:/ST/STM32CubeIDE_1.15.1/STM32CubeIDE/plugins/com.st.stm32cube.ide.mcu.externaltools.gnu-tools-for-stm32.12.3.rel1.win32_1.0.100.202403111256/tools/bin/../lib/gcc/arm-none-eabi/12.3.1/../../../../arm-none-eabi/lib/thumb/v7e-m+fp/hard\libc_nano.a(libc_a-closer.o)
                              C:/ST/STM32CubeIDE_1.15.1/STM32CubeIDE/plugins/com.st.stm32cube.ide.mcu.externaltools.gnu-tools-for-stm32.12.3.rel1.win32_1.0.100.202403111256/tools/bin/../lib/gcc/arm-none-eabi/12.3.1/../../../../arm-none-eabi/lib/thumb/v7e-m+fp/hard\libc_nano.a(libc_a-stdio.o) (_close_r)
C:/ST/STM32CubeIDE_1.15.1/STM32CubeIDE/plugins/com.st.stm32cube.ide.mcu.externaltools.gnu-tools-for-stm32.12.3.rel1.win32_1.0.100.202403111256/tools/bin/../lib/gcc/arm-none-eabi/12.3.1/../../../../arm-none-eabi/lib/thumb/v7e-m+fp/hard\libc_nano.a(libc_a-reent.o)
                              C:/ST/STM32CubeIDE_1.15.1/STM32CubeIDE/plugins/com.st.stm32cube.ide.mcu.externaltools.gnu-tools-for-stm32.12.3.rel1.win32_1.0.100.202403111256/tools/bin/../lib/gcc/arm-none-eabi/12.3.1/../../../../arm-none-eabi/lib/thumb/v7e-m+fp/hard\libc_nano.a(libc_a-closer.o) (errno)
C:/ST/STM32CubeIDE_1.15.1/STM32CubeIDE/plugins/com.st.stm32cube.ide.mcu.externaltools.gnu-tools-for-stm32.12.3.rel1.win32_1.0.100.202403111256/tools/bin/../lib/gcc/arm-none-eabi/12.3.1/../../../../arm-none-eabi/lib/thumb/v7e-m+fp/hard\libc_nano.a(libc_a-impure.o)
                              C:/ST/STM32CubeIDE_1.15.1/STM32CubeIDE/plugins/com.st.stm32cube.ide.mcu.externaltools.gnu-tools-for-stm32.12.3.rel1.win32_1.0.100.202403111256/tools/bin/../lib/gcc/arm-none-eabi/12.3.1/../../../../arm-none-eabi/lib/thumb/v7e-m+fp/hard\libc_nano.a(libc_a-reent.o) (_impure_ptr)
C:/ST/STM32CubeIDE_1.15.1/STM32CubeIDE/plugins/com.st.stm32cube.ide.mcu.externaltools.gnu-tools-for-stm32.12.3.rel1.win32_1.0.100.202403111256/tools/bin/../lib/gcc/arm-none-eabi/12.3.1/../../../../arm-none-eabi/lib/thumb/v7e-m+fp/hard\libc_nano.a(libc_a-lseekr.o)
[...]
Memory Configuration

Name             Origin             Length             Attributes
RAM              0x20000000         0x00020000         xrw
FLASH            0x08000000         0x00080000         xr
*default*        0x00000000         0xffffffff

Linker script and memory map

LOAD C:/ST/STM32CubeIDE_1.15.1/STM32CubeIDE/plugins/com.st.stm32cube.ide.mcu.externaltools.gnu-tools-for-stm32.12.3.rel1.win32_1.0.100.202403111256/tools/bin/../lib/gcc/arm-none-eabi/12.3.1/thumb/v7e-m+fp/hard/crti.o
LOAD C:/ST/STM32CubeIDE_1.15.1/STM32CubeIDE/plugins/com.st.stm32cube.ide.mcu.externaltools.gnu-tools-for-stm32.12.3.rel1.win32_1.0.100.202403111256/tools/bin/../lib/gcc/arm-none-eabi/12.3.1/thumb/v7e-m+fp/hard/crtbegin.o
LOAD C:/ST/STM32CubeIDE_1.15.1/STM32CubeIDE/plugins/com.st.stm32cube.ide.mcu.externaltools.gnu-tools-for-stm32.12.3.rel1.win32_1.0.100.202403111256/tools/bin/../lib/gcc/arm-none-eabi/12.3.1/../../../../arm-none-eabi/lib/thumb/v7e-m+fp/hard/crt0.o
LOAD ./BSP/UART/uart.o
LOAD ./Core/Src/main.o
LOAD ./Core/Src/stm32f4xx_it.o
LOAD ./Core/Src/syscalls.o
LOAD ./Core/Src/sysmem.o
LOAD ./Core/Src/system_stm32f4xx.o
LOAD ./Core/Startup/startup_stm32f411vetx.o
LOAD ./Drivers/STM32F4xx_HAL_Driver/Src/stm32f4xx_ll_dma.o
LOAD ./Drivers/STM32F4xx_HAL_Driver/Src/stm32f4xx_ll_exti.o
LOAD ./Drivers/STM32F4xx_HAL_Driver/Src/stm32f4xx_ll_gpio.o
LOAD ./Drivers/STM32F4xx_HAL_Driver/Src/stm32f4xx_ll_rcc.o
LOAD ./Drivers/STM32F4xx_HAL_Driver/Src/stm32f4xx_ll_usart.o
LOAD ./Drivers/STM32F4xx_HAL_Driver/Src/stm32f4xx_ll_utils.o
LOAD ./FREERTOS/croutine.o
LOAD ./FREERTOS/event_groups.o
LOAD ./FREERTOS/list.o
LOAD ./FREERTOS/queue.o
LOAD ./FREERTOS/stream_buffer.o
LOAD ./FREERTOS/tasks.o
LOAD ./FREERTOS/timers.o
LOAD ./FREERTOS/portable/GCC/ARM_CM4F/port.o
LOAD ./FREERTOS/portable/heap_4.o
START GROUP
LOAD C:/ST/STM32CubeIDE_1.15.1/STM32CubeIDE/plugins/com.st.stm32cube.ide.mcu.externaltools.gnu-tools-for-stm32.12.3.rel1.win32_1.0.100.202403111256/tools/bin/../lib/gcc/arm-none-eabi/12.3.1/../../../../arm-none-eabi/lib/thumb/v7e-m+fp/hard\libc_nano.a
LOAD C:/ST/STM32CubeIDE_1.15.1/STM32CubeIDE/plugins/com.st.stm32cube.ide.mcu.externaltools.gnu-tools-for-stm32.12.3.rel1.win32_1.0.100.202403111256/tools/bin/../lib/gcc/arm-none-eabi/12.3.1/../../../../arm-none-eabi/lib/thumb/v7e-m+fp/hard\libm.a
END GROUP
START GROUP
LOAD C:/ST/STM32CubeIDE_1.15.1/STM32CubeIDE/plugins/com.st.stm32cube.ide.mcu.externaltools.gnu-tools-for-stm32.12.3.rel1.win32_1.0.100.202403111256/tools/bin/../lib/gcc/arm-none-eabi/12.3.1/thumb/v7e-m+fp/hard\libgcc.a
LOAD C:/ST/STM32CubeIDE_1.15.1/STM32CubeIDE/plugins/com.st.stm32cube.ide.mcu.externaltools.gnu-tools-for-stm32.12.3.rel1.win32_1.0.100.202403111256/tools/bin/../lib/gcc/arm-none-eabi/12.3.1/../../../../arm-none-eabi/lib/thumb/v7e-m+fp/hard\libc_nano.a
END GROUP
START GROUP
LOAD C:/ST/STM32CubeIDE_1.15.1/STM32CubeIDE/plugins/com.st.stm32cube.ide.mcu.externaltools.gnu-tools-for-stm32.12.3.rel1.win32_1.0.100.202403111256/tools/bin/../lib/gcc/arm-none-eabi/12.3.1/thumb/v7e-m+fp/hard\libgcc.a
LOAD C:/ST/STM32CubeIDE_1.15.1/STM32CubeIDE/plugins/com.st.stm32cube.ide.mcu.externaltools.gnu-tools-for-stm32.12.3.rel1.win32_1.0.100.202403111256/tools/bin/../lib/gcc/arm-none-eabi/12.3.1/../../../../arm-none-eabi/lib/thumb/v7e-m+fp/hard\libc_nano.a
LOAD C:/ST/STM32CubeIDE_1.15.1/STM32CubeIDE/plugins/com.st.stm32cube.ide.mcu.externaltools.gnu-tools-for-stm32.12.3.rel1.win32_1.0.100.202403111256/tools/bin/../lib/gcc/arm-none-eabi/12.3.1/../../../../arm-none-eabi/lib/thumb/v7e-m+fp/hard\libnosys.a
END GROUP
START GROUP
LOAD C:/ST/STM32CubeIDE_1.15.1/STM32CubeIDE/plugins/com.st.stm32cube.ide.mcu.externaltools.gnu-tools-for-stm32.12.3.rel1.win32_1.0.100.202403111256/tools/bin/../lib/gcc/arm-none-eabi/12.3.1/thumb/v7e-m+fp/hard\libgcc.a
LOAD C:/ST/STM32CubeIDE_1.15.1/STM32CubeIDE/plugins/com.st.stm32cube.ide.mcu.externaltools.gnu-tools-for-stm32.12.3.rel1.win32_1.0.100.202403111256/tools/bin/../lib/gcc/arm-none-eabi/12.3.1/../../../../arm-none-eabi/lib/thumb/v7e-m+fp/hard\libc_nano.a
LOAD C:/ST/STM32CubeIDE_1.15.1/STM32CubeIDE/plugins/com.st.stm32cube.ide.mcu.externaltools.gnu-tools-for-stm32.12.3.rel1.win32_1.0.100.202403111256/tools/bin/../lib/gcc/arm-none-eabi/12.3.1/../../../../arm-none-eabi/lib/thumb/v7e-m+fp/hard\libnosys.a
END GROUP
LOAD C:/ST/STM32CubeIDE_1.15.1/STM32CubeIDE/plugins/com.st.stm32cube.ide.mcu.externaltools.gnu-tools-for-stm32.12.3.rel1.win32_1.0.100.202403111256/tools/bin/../lib/gcc/arm-none-eabi/12.3.1/thumb/v7e-m+fp/hard/crtend.o
LOAD C:/ST/STM32CubeIDE_1.15.1/STM32CubeIDE/plugins/com.st.stm32cube.ide.mcu.externaltools.gnu-tools-for-stm32.12.3.rel1.win32_1.0.100.202403111256/tools/bin/../lib/gcc/arm-none-eabi/12.3.1/thumb/v7e-m+fp/hard/crtn.o
                0x20020000                        _estack = (ORIGIN (RAM) + LENGTH (RAM))
                0x00000200                        _Min_Heap_Size = 0x200
                0x00000400                        _Min_Stack_Size = 0x400

.isr_vector     0x08000000      0x198
                0x08000000                        . = ALIGN (0x4)
 *(.isr_vector)
 .isr_vector    0x08000000      0x198 ./Core/Startup/startup_stm32f411vetx.o
                0x08000000                g_pfnVectors
                0x08000198                        . = ALIGN (0x4)

.text           0x080001a0     0x1384
                0x080001a0                        . = ALIGN (0x4)
 *(.text)
 .text          0x080001a0       0x40 C:/ST/STM32CubeIDE_1.15.1/STM32CubeIDE/plugins/com.st.stm32cube.ide.mcu.externaltools.gnu-tools-for-stm32.12.3.rel1.win32_1.0.100.202403111256/tools/bin/../lib/gcc/arm-none-eabi/12.3.1/thumb/v7e-m+fp/hard/crtbegin.o
 .text          0x080001e0       0x30 C:/ST/STM32CubeIDE_1.15.1/STM32CubeIDE/plugins/com.st.stm32cube.ide.mcu.externaltools.gnu-tools-for-stm32.12.3.rel1.win32_1.0.100.202403111256/tools/bin/../lib/gcc/arm-none-eabi/12.3.1/thumb/v7e-m+fp/hard\libgcc.a(_aeabi_uldivmod.o)
                0x080001e0                __aeabi_uldivmod
 .text          0x08000210      0x2bc C:/ST/STM32CubeIDE_1.15.1/STM32CubeIDE/plugins/com.st.stm32cube.ide.mcu.externaltools.gnu-tools-for-stm32.12.3.rel1.win32_1.0.100.202403111256/tools/bin/../lib/gcc/arm-none-eabi/12.3.1/thumb/v7e-m+fp/hard\libgcc.a(_udivmoddi4.o)
                0x08000210                __udivmoddi4
 .text          0x080004cc        0x4 C:/ST/STM32CubeIDE_1.15.1/STM32CubeIDE/plugins/com.st.stm32cube.ide.mcu.externaltools.gnu-tools-for-stm32.12.3.rel1.win32_1.0.100.202403111256/tools/bin/../lib/gcc/arm-none-eabi/12.3.1/thumb/v7e-m+fp/hard\libgcc.a(_dvmd_tls.o)
                0x080004cc                __aeabi_idiv0
                0x080004cc                __aeabi_ldiv0
 *(.text*)
 .text.LL_USART_EnableIT_RXNE
                0x080004d0       0x1a ./BSP/UART/uart.o
 .text.UARTConfig
                0x080004ea       0x4c ./BSP/UART/uart.o
                0x080004ea                UARTConfig
 .text.UART_ISR
                0x08000536       0x60 ./BSP/UART/uart.o
                0x08000536                UART_ISR
 *fill*         0x08000596        0x2 
 .text.LL_AHB1_GRP1_EnableClock
                0x08000598       0x1c ./Core/Src/main.o
 .text.NVIC_EncodePriority.constprop.0
                0x080005b4       0x2a ./Core/Src/main.o
 *fill*         0x080005de        0x2 
 .text.SystemClock_Config
                0x080005e0       0xcc ./Core/Src/main.o
                0x080005e0                SystemClock_Config
 .text.startup.main
                0x080006ac      0x120 ./Core/Src/main.o
                0x080006ac                main
 .text.NMI_Handler
                0x080007cc        0x2 ./Core/Src/stm32f4xx_it.o
                0x080007cc                NMI_Handler
 .text.HardFault_Handler
                0x080007ce        0x2 ./Core/Src/stm32f4xx_it.o
                0x080007ce                HardFault_Handler
 .text.MemManage_Handler
                0x080007d0        0x2 ./Core/Src/stm32f4xx_it.o
                0x080007d0                MemManage_Handler
 .text.BusFault_Handler
                0x080007d2        0x2 ./Core/Src/stm32f4xx_it.o
                0x080007d2                BusFault_Handler
 .text.UsageFault_Handler
                0x080007d4        0x2 ./Core/Src/stm32f4xx_it.o
                0x080007d4                UsageFault_Handler
 .text.DebugMon_Handler
                0x080007d6        0x2 ./Core/Src/stm32f4xx_it.o
                0x080007d6                DebugMon_Handler
 .text.USART2_IRQHandler
                0x080007d8        0xc ./Core/Src/stm32f4xx_it.o
                0x080007d8                USART2_IRQHandler
 .text.SystemInit
                0x080007e4       0x14 ./Core/Src/system_stm32f4xx.o
                0x080007e4                SystemInit
 .text.Reset_Handler
                0x080007f8       0x50 ./Core/Startup/startup_stm32f411vetx.o
                0x080007f8                Reset_Handler
 .text.Default_Handler
                0x08000848        0x2 ./Core/Startup/startup_stm32f411vetx.o
                0x08000848                RTC_Alarm_IRQHandler
                0x08000848                EXTI2_IRQHandler
                0x08000848                SPI4_IRQHandler
                0x08000848                TIM1_CC_IRQHandler
                0x08000848                DMA2_Stream5_IRQHandler
                0x08000848                DMA1_Stream5_IRQHandler
                0x08000848                PVD_IRQHandler
                0x08000848                SDIO_IRQHandler
                0x08000848                TAMP_STAMP_IRQHandler
                0x08000848                EXTI3_IRQHandler
                0x08000848                TIM1_UP_TIM10_IRQHandler
                0x08000848                I2C3_ER_IRQHandler
                0x08000848                EXTI0_IRQHandler
                0x08000848                I2C2_EV_IRQHandler
                0x08000848                DMA1_Stream2_IRQHandler
                0x08000848                FPU_IRQHandler
                0x08000848                DMA2_Stream2_IRQHandler
                0x08000848                SPI1_IRQHandler
                0x08000848                TIM1_BRK_TIM9_IRQHandler
                0x08000848                DMA2_Stream3_IRQHandler
                0x08000848                USART6_IRQHandler
                0x08000848                DMA2_Stream0_IRQHandler
                0x08000848                TIM4_IRQHandler
                0x08000848                I2C1_EV_IRQHandler
                0x08000848                DMA1_Stream6_IRQHandler
                0x08000848                DMA1_Stream1_IRQHandler
                0x08000848                TIM3_IRQHandler
                0x08000848                RCC_IRQHandler
                0x08000848                Default_Handler
                0x08000848                EXTI15_10_IRQHandler
                0x08000848                ADC_IRQHandler
                0x08000848                DMA1_Stream7_IRQHandler
                0x08000848                SPI5_IRQHandler
                0x08000848                TIM5_IRQHandler
                0x08000848                DMA2_Stream7_IRQHandler
                0x08000848                I2C3_EV_IRQHandler
                0x08000848                EXTI9_5_IRQHandler
                0x08000848                RTC_WKUP_IRQHandler
                0x08000848                SPI2_IRQHandler
                0x08000848                DMA1_Stream0_IRQHandler
                0x08000848                EXTI4_IRQHandler
                0x08000848                WWDG_IRQHandler
                0x08000848                TIM2_IRQHandler
                0x08000848                OTG_FS_WKUP_IRQHandler
                0x08000848                TIM1_TRG_COM_TIM11_IRQHandler
                0x08000848                EXTI1_IRQHandler
                0x08000848                I2C2_ER_IRQHandler
                0x08000848                DMA2_Stream1_IRQHandler
                0x08000848                FLASH_IRQHandler
                0x08000848                DMA2_Stream4_IRQHandler
                0x08000848                USART1_IRQHandler
                0x08000848                OTG_FS_IRQHandler
                0x08000848                SPI3_IRQHandler
                0x08000848                DMA1_Stream4_IRQHandler
                0x08000848                I2C1_ER_IRQHandler
                0x08000848                DMA2_Stream6_IRQHandler
                0x08000848                DMA1_Stream3_IRQHandler
 .text.LL_GPIO_Init
                0x0800084a      0x136 ./Drivers/STM32F4xx_HAL_Driver/Src/stm32f4xx_ll_gpio.o
                0x0800084a                LL_GPIO_Init
 .text.RCC_GetHCLKClockFreq
                0x08000980       0x18 ./Drivers/STM32F4xx_HAL_Driver/Src/stm32f4xx_ll_rcc.o
                0x08000980                RCC_GetHCLKClockFreq
 .text.RCC_GetPCLK1ClockFreq
                0x08000998       0x18 ./Drivers/STM32F4xx_HAL_Driver/Src/stm32f4xx_ll_rcc.o
                0x08000998                RCC_GetPCLK1ClockFreq
 .text.RCC_GetPCLK2ClockFreq
                0x080009b0       0x18 ./Drivers/STM32F4xx_HAL_Driver/Src/stm32f4xx_ll_rcc.o
                0x080009b0                RCC_GetPCLK2ClockFreq
 .text.RCC_PLL_GetFreqDomain_SYS
                0x080009c8       0x48 ./Drivers/STM32F4xx_HAL_Driver/Src/stm32f4xx_ll_rcc.o
                0x080009c8                RCC_PLL_GetFreqDomain_SYS
 .text.RCC_GetSystemClockFreq
                0x08000a10       0x28 ./Drivers/STM32F4xx_HAL_Driver/Src/stm32f4xx_ll_rcc.o
                0x08000a10                RCC_GetSystemClockFreq
 .text.LL_RCC_GetSystemClocksFreq
                0x08000a38       0x22 ./Drivers/STM32F4xx_HAL_Driver/Src/stm32f4xx_ll_rcc.o
                0x08000a38                LL_RCC_GetSystemClocksFreq
 *fill*         0x08000a5a        0x2 
 .text.LL_USART_Init
                0x08000a5c       0xe4 ./Drivers/STM32F4xx_HAL_Driver/Src/stm32f4xx_ll_usart.o
                0x08000a5c                LL_USART_Init
 .text.LL_Init1msTick
                0x08000b40       0x1a ./Drivers/STM32F4xx_HAL_Driver/Src/stm32f4xx_ll_utils.o
                0x08000b40                LL_Init1msTick
 *fill*         0x08000b5a        0x2 
 .text.LL_SetSystemCoreClock
                0x08000b5c        0xc ./Drivers/STM32F4xx_HAL_Driver/Src/stm32f4xx_ll_utils.o
                0x08000b5c                LL_SetSystemCoreClock
 .text.vListInitialise
                0x08000b68       0x16 ./FREERTOS/list.o
                0x08000b68                vListInitialise
 .text.vListInitialiseItem
                0x08000b7e        0x6 ./FREERTOS/list.o
                0x08000b7e                vListInitialiseItem
 .text.uxListRemove
                0x08000b84       0x20 ./FREERTOS/list.o
                0x08000b84                uxListRemove
 .text.prvResetNextTaskUnblockTime
                0x08000ba4       0x24 ./FREERTOS/tasks.o
 .text.prvIdleTask
                0x08000bc8       0x68 ./FREERTOS/tasks.o
 .text.xTaskCreate
                0x08000c30      0x1b4 ./FREERTOS/tasks.o
                0x08000c30                xTaskCreate
 .text.vTaskStartScheduler
                0x08000de4       0x74 ./FREERTOS/tasks.o
                0x08000de4                vTaskStartScheduler
 .text.vTaskSuspendAll
                0x08000e58       0x10 ./FREERTOS/tasks.o
                0x08000e58                vTaskSuspendAll
 .text.xTaskIncrementTick
                0x08000e68      0x154 ./FREERTOS/tasks.o
                0x08000e68                xTaskIncrementTick
 .text.xTaskResumeAll
                0x08000fbc      0x128 ./FREERTOS/tasks.o
                0x08000fbc                xTaskResumeAll
 .text.vTaskSwitchContext
                0x080010e4       0x60 ./FREERTOS/tasks.o
                0x080010e4                vTaskSwitchContext
 .text.prvTaskExitError
                0x08001144       0x20 ./FREERTOS/portable/GCC/ARM_CM4F/port.o
 .text.prvPortStartFirstTask
                0x08001164       0x28 ./FREERTOS/portable/GCC/ARM_CM4F/port.o
 .text.vPortEnableVFP
                0x0800118c       0x14 ./FREERTOS/portable/GCC/ARM_CM4F/port.o
 .text.pxPortInitialiseStack
                0x080011a0       0x2c ./FREERTOS/portable/GCC/ARM_CM4F/port.o
                0x080011a0                pxPortInitialiseStack
 *fill*         0x080011cc        0x4 
 .text.vPortSVCHandler
                0x080011d0       0x24 ./FREERTOS/portable/GCC/ARM_CM4F/port.o
                0x080011d0                vPortSVCHandler
 .text.vPortEnterCritical
                0x080011f4       0x20 ./FREERTOS/portable/GCC/ARM_CM4F/port.o
                0x080011f4                vPortEnterCritical
 .text.vPortExitCritical
                0x08001214       0x14 ./FREERTOS/portable/GCC/ARM_CM4F/port.o
                0x08001214                vPortExitCritical
 *fill*         0x08001228        0x8 
 .text.xPortPendSVHandler
                0x08001230       0x64 ./FREERTOS/portable/GCC/ARM_CM4F/port.o
                0x08001230                xPortPendSVHandler
 .text.xPortSysTickHandler
                0x08001294       0x2c ./FREERTOS/portable/GCC/ARM_CM4F/port.o
                0x08001294                xPortSysTickHandler
 .text.vPortSetupTimerInterrupt
                0x080012c0       0x16 ./FREERTOS/portable/GCC/ARM_CM4F/port.o
                0x080012c0                vPortSetupTimerInterrupt
 *fill*         0x080012d6        0x2 
 .text.xPortStartScheduler
                0x080012d8       0x50 ./FREERTOS/portable/GCC/ARM_CM4F/port.o
                0x080012d8                xPortStartScheduler
 .text.pvPortMalloc
                0x08001328       0xf8 ./FREERTOS/portable/heap_4.o
                0x08001328                pvPortMalloc
 .text.vPortFree
                0x08001420       0x94 ./FREERTOS/portable/heap_4.o
                0x08001420                vPortFree
 .text.memset   0x080014b4       0x10 C:/ST/STM32CubeIDE_1.15.1/STM32CubeIDE/plugins/com.st.stm32cube.ide.mcu.externaltools.gnu-tools-for-stm32.12.3.rel1.win32_1.0.100.202403111256/tools/bin/../lib/gcc/arm-none-eabi/12.3.1/../../../../arm-none-eabi/lib/thumb/v7e-m+fp/hard\libc_nano.a(libc_a-memset.o)
                0x080014b4                memset
 .text.__libc_init_array
                0x080014c4       0x48 C:/ST/STM32CubeIDE_1.15.1/STM32CubeIDE/plugins/com.st.stm32cube.ide.mcu.externaltools.gnu-tools-for-stm32.12.3.rel1.win32_1.0.100.202403111256/tools/bin/../lib/gcc/arm-none-eabi/12.3.1/../../../../arm-none-eabi/lib/thumb/v7e-m+fp/hard\libc_nano.a(libc_a-init.o)
                0x080014c4                __libc_init_array
 *(.glue_7)
 .glue_7        0x0800150c        0x0 linker stubs
 *(.glue_7t)
 .glue_7t       0x0800150c        0x0 linker stubs
 *(.eh_frame)
 .eh_frame      0x0800150c        0x0 C:/ST/STM32CubeIDE_1.15.1/STM32CubeIDE/plugins/com.st.stm32cube.ide.mcu.externaltools.gnu-tools-for-stm32.12.3.rel1.win32_1.0.100.202403111256/tools/bin/../lib/gcc/arm-none-eabi/12.3.1/thumb/v7e-m+fp/hard/crtbegin.o
 *(.init)
 .init          0x0800150c        0x4 C:/ST/STM32CubeIDE_1.15.1/STM32CubeIDE/plugins/com.st.stm32cube.ide.mcu.externaltools.gnu-tools-for-stm32.12.3.rel1.win32_1.0.100.202403111256/tools/bin/../lib/gcc/arm-none-eabi/12.3.1/thumb/v7e-m+fp/hard/crti.o
                0x0800150c                _init
 .init          0x08001510        0x8 C:/ST/STM32CubeIDE_1.15.1/STM32CubeIDE/plugins/com.st.stm32cube.ide.mcu.externaltools.gnu-tools-for-stm32.12.3.rel1.win32_1.0.100.202403111256/tools/bin/../lib/gcc/arm-none-eabi/12.3.1/thumb/v7e-m+fp/hard/crtn.o
 *(.fini)
 .fini          0x08001518        0x4 C:/ST/STM32CubeIDE_1.15.1/STM32CubeIDE/plugins/com.st.stm32cube.ide.mcu.externaltools.gnu-tools-for-stm32.12.3.rel1.win32_1.0.100.202403111256/tools/bin/../lib/gcc/arm-none-eabi/12.3.1/thumb/v7e-m+fp/hard/crti.o
                0x08001518                _fini
 .fini          0x0800151c        0x8 C:/ST/STM32CubeIDE_1.15.1/STM32CubeIDE/plugins/com.st.stm32cube.ide.mcu.externaltools.gnu-tools-for-stm32.12.3.rel1.win32_1.0.100.202403111256/tools/bin/../lib/gcc/arm-none-eabi/12.3.1/thumb/v7e-m+fp/hard/crtn.o
                0x08001524                        . = ALIGN (0x4)
                0x08001524                        _etext = .

.vfp11_veneer   0x08001524        0x0
 .vfp11_veneer  0x08001524        0x0 linker stubs

.v4_bx          0x08001524        0x0
 .v4_bx         0x08001524        0x0 linker stubs

.iplt           0x08001524        0x0
 .iplt          0x08001524        0x0 C:/ST/STM32CubeIDE_1.15.1/STM32CubeIDE/plugins/com.st.stm32cube.ide.mcu.externaltools.gnu-tools-for-stm32.12.3.rel1.win32_1.0.100.202403111256/tools/bin/../lib/gcc/arm-none-eabi/12.3.1/thumb/v7e-m+fp/hard/crtbegin.o

.rodata         0x08001524       0x20
                0x08001524                        . = ALIGN (0x4)
 *(.rodata)
 *(.rodata*)
 .rodata.APBPrescTable
                0x08001524        0x8 ./Core/Src/system_stm32f4xx.o
                0x08001524                APBPrescTable
 .rodata.AHBPrescTable
                0x0800152c       0x10 ./Core/Src/system_stm32f4xx.o
                0x0800152c                AHBPrescTable
 .rodata.vTaskStartScheduler.str1.1
                0x0800153c        0x5 ./FREERTOS/tasks.o
                0x08001544                        . = ALIGN (0x4)
 *fill*         0x08001541        0x3 

.ARM.extab      0x08001544        0x0
                0x08001544                        . = ALIGN (0x4)
 *(.ARM.extab* .gnu.linkonce.armextab.*)
                0x08001544                        . = ALIGN (0x4)

.ARM            0x08001544        0x8
                0x08001544                        . = ALIGN (0x4)
                0x08001544                        __exidx_start = .
 *(.ARM.exidx*)
 .ARM.exidx     0x08001544        0x8 C:/ST/STM32CubeIDE_1.15.1/STM32CubeIDE/plugins/com.st.stm32cube.ide.mcu.externaltools.gnu-tools-for-stm32.12.3.rel1.win32_1.0.100.202403111256/tools/bin/../lib/gcc/arm-none-eabi/12.3.1/thumb/v7e-m+fp/hard\libgcc.a(_udivmoddi4.o)
                0x0800154c                        __exidx_end = .
                0x0800154c                        . = ALIGN (0x4)

.preinit_array  0x0800154c        0x0
                0x0800154c                        . = ALIGN (0x4)
                0x0800154c                        PROVIDE (__preinit_array_start = .)
 *(.preinit_array*)
                0x0800154c                        PROVIDE (__preinit_array_end = .)
                0x0800154c                        . = ALIGN (0x4)

.init_array     0x0800154c        0x4
                0x0800154c                        . = ALIGN (0x4)
                0x0800154c                        PROVIDE (__init_array_start = .)
 *(SORT_BY_NAME(.init_array.*))
 *(.init_array*)
 .init_array    0x0800154c        0x4 C:/ST/STM32CubeIDE_1.15.1/STM32CubeIDE/plugins/com.st.stm32cube.ide.mcu.externaltools.gnu-tools-for-stm32.12.3.rel1.win32_1.0.100.202403111256/tools/bin/../lib/gcc/arm-none-eabi/12.3.1/thumb/v7e-m+fp/hard/crtbegin.o
                0x08001550                        PROVIDE (__init_array_end = .)
                0x08001550                        . = ALIGN (0x4)

.fini_array     0x08001550        0x4
                0x08001550                        . = ALIGN (0x4)
                [!provide]                        PROVIDE (__fini_array_start = .)
 *(SORT_BY_NAME(.fini_array.*))
 *(.fini_array*)
 .fini_array    0x08001550        0x4 C:/ST/STM32CubeIDE_1.15.1/STM32CubeIDE/plugins/com.st.stm32cube.ide.mcu.externaltools.gnu-tools-for-stm32.12.3.rel1.win32_1.0.100.202403111256/tools/bin/../lib/gcc/arm-none-eabi/12.3.1/thumb/v7e-m+fp/hard/crtbegin.o
                [!provide]                        PROVIDE (__fini_array_end = .)
                0x08001554                        . = ALIGN (0x4)
                0x08001554                        _sidata = LOADADDR (.data)

.rel.dyn        0x08001554        0x0
 .rel.iplt      0x08001554        0x0 C:/ST/STM32CubeIDE_1.15.1/STM32CubeIDE/plugins/com.st.stm32cube.ide.mcu.externaltools.gnu-tools-for-stm32.12.3.rel1.win32_1.0.100.202403111256/tools/bin/../lib/gcc/arm-none-eabi/12.3.1/thumb/v7e-m+fp/hard/crtbegin.o

.data           0x20000000        0xc load address 0x08001554
                0x20000000                        . = ALIGN (0x4)
                0x20000000                        _sdata = .
 *(.data)
 *(.data*)
 .data.SystemCoreClock
                0x20000000        0x4 ./Core/Src/system_stm32f4xx.o
                0x20000000                SystemCoreClock
 .data.uxTopUsedPriority
                0x20000004        0x4 ./FREERTOS/tasks.o
 .data.uxCriticalNesting
                0x20000008        0x4 ./FREERTOS/portable/GCC/ARM_CM4F/port.o
 *(.RamFunc)
 *(.RamFunc*)
                0x2000000c                        . = ALIGN (0x4)
                0x2000000c                        _edata = .

.igot.plt       0x2000000c        0x0 load address 0x08001560
 .igot.plt      0x2000000c        0x0 C:/ST/STM32CubeIDE_1.15.1/STM32CubeIDE/plugins/com.st.stm32cube.ide.mcu.externaltools.gnu-tools-for-stm32.12.3.rel1.win32_1.0.100.202403111256/tools/bin/../lib/gcc/arm-none-eabi/12.3.1/thumb/v7e-m+fp/hard/crtbegin.o
                0x2000000c                        . = ALIGN (0x4)

.bss            0x2000000c     0x475c load address 0x08001560
                0x2000000c                        _sbss = .
                0x2000000c                        __bss_start__ = _sbss
 *(.bss)
 .bss           0x2000000c       0x1c C:/ST/STM32CubeIDE_1.15.1/STM32CubeIDE/plugins/com.st.stm32cube.ide.mcu.externaltools.gnu-tools-for-stm32.12.3.rel1.win32_1.0.100.202403111256/tools/bin/../lib/gcc/arm-none-eabi/12.3.1/thumb/v7e-m+fp/hard/crtbegin.o
 *(.bss*)
 .bss.uart_cfg_2
                0x20000028      0x220 ./Core/Src/main.o
                0x20000028                uart_cfg_2
 .bss.uxSchedulerSuspended
                0x20000248        0x4 ./FREERTOS/tasks.o
 .bss.xIdleTaskHandles
                0x2000024c        0x4 ./FREERTOS/tasks.o
 .bss.xNextTaskUnblockTime
                0x20000250        0x4 ./FREERTOS/tasks.o
 .bss.uxTaskNumber
                0x20000254        0x4 ./FREERTOS/tasks.o
 .bss.xNumOfOverflows
                0x20000258        0x4 ./FREERTOS/tasks.o
 .bss.xYieldPendings
                0x2000025c        0x4 ./FREERTOS/tasks.o
 .bss.xPendedTicks
                0x20000260        0x4 ./FREERTOS/tasks.o
 .bss.xSchedulerRunning
                0x20000264        0x4 ./FREERTOS/tasks.o
 .bss.uxTopReadyPriority
                0x20000268        0x4 ./FREERTOS/tasks.o
 .bss.xTickCount
                0x2000026c        0x4 ./FREERTOS/tasks.o
 .bss.uxCurrentNumberOfTasks
                0x20000270        0x4 ./FREERTOS/tasks.o
 .bss.xSuspendedTaskList
                0x20000274       0x14 ./FREERTOS/tasks.o
 .bss.uxDeletedTasksWaitingCleanUp
                0x20000288        0x4 ./FREERTOS/tasks.o
 .bss.xTasksWaitingTermination
                0x2000028c       0x14 ./FREERTOS/tasks.o
 .bss.xPendingReadyList
                0x200002a0       0x14 ./FREERTOS/tasks.o
 .bss.pxOverflowDelayedTaskList
                0x200002b4        0x4 ./FREERTOS/tasks.o
 .bss.pxDelayedTaskList
                0x200002b8        0x4 ./FREERTOS/tasks.o
 .bss.xDelayedTaskList2
                0x200002bc       0x14 ./FREERTOS/tasks.o
 .bss.xDelayedTaskList1
                0x200002d0       0x14 ./FREERTOS/tasks.o
 .bss.pxReadyTasksLists
                0x200002e4       0x64 ./FREERTOS/tasks.o
 .bss.pxCurrentTCB
                0x20000348        0x4 ./FREERTOS/tasks.o
                0x20000348                pxCurrentTCB
 .bss.xNumberOfSuccessfulFrees
                0x2000034c        0x4 ./FREERTOS/portable/heap_4.o
 .bss.xNumberOfSuccessfulAllocations
                0x20000350        0x4 ./FREERTOS/portable/heap_4.o
 .bss.xMinimumEverFreeBytesRemaining
                0x20000354        0x4 ./FREERTOS/portable/heap_4.o
 .bss.xFreeBytesRemaining
                0x20000358        0x4 ./FREERTOS/portable/heap_4.o
 .bss.pxEnd     0x2000035c        0x4 ./FREERTOS/portable/heap_4.o
 .bss.xStart    0x20000360        0x8 ./FREERTOS/portable/heap_4.o
 .bss.ucHeap    0x20000368     0x4400 ./FREERTOS/portable/heap_4.o
 *(COMMON)
                0x20004768                        . = ALIGN (0x4)
                0x20004768                        _ebss = .
                0x20004768                        __bss_end__ = _ebss

._user_heap_stack
                0x20004768      0x600 load address 0x08001560
                0x20004768                        . = ALIGN (0x8)
                [!provide]                        PROVIDE (end = .)
                0x20004768                        PROVIDE (_end = .)
                0x20004968                        . = (. + _Min_Heap_Size)
 *fill*         0x20004768      0x200 
                0x20004d68                        . = (. + _Min_Stack_Size)
 *fill*         0x20004968      0x400 
                0x20004d68                        . = ALIGN (0x8)

/DISCARD/
 libc.a(*)
 libm.a(*)
 libgcc.a(*)

.ARM.attributes
                0x00000000       0x30
 *(.ARM.attributes)
 .ARM.attributes
                0x00000000       0x22 C:/ST/STM32CubeIDE_1.15.1/STM32CubeIDE/plugins/com.st.stm32cube.ide.mcu.externaltools.gnu-tools-for-stm32.12.3.rel1.win32_1.0.100.202403111256/tools/bin/../lib/gcc/arm-none-eabi/12.3.1/thumb/v7e-m+fp/hard/crti.o
 .ARM.attributes
                0x00000022       0x34 C:/ST/STM32CubeIDE_1.15.1/STM32CubeIDE/plugins/com.st.stm32cube.ide.mcu.externaltools.gnu-tools-for-stm32.12.3.rel1.win32_1.0.100.202403111256/tools/bin/../lib/gcc/arm-none-eabi/12.3.1/thumb/v7e-m+fp/hard/crtbegin.o
 .ARM.attributes
                0x00000056       0x34 ./BSP/UART/uart.o
 .ARM.attributes
                0x0000008a       0x34 ./Core/Src/main.o
 .ARM.attributes
                0x000000be       0x34 ./Core/Src/stm32f4xx_it.o
 .ARM.attributes
                0x000000f2       0x34 ./Core/Src/system_stm32f4xx.o
 .ARM.attributes
                0x00000126       0x21 ./Core/Startup/startup_stm32f411vetx.o
 .ARM.attributes
                0x00000147       0x34 ./Drivers/STM32F4xx_HAL_Driver/Src/stm32f4xx_ll_gpio.o
 .ARM.attributes
                0x0000017b       0x34 ./Drivers/STM32F4xx_HAL_Driver/Src/stm32f4xx_ll_rcc.o
 .ARM.attributes
                0x000001af       0x34 ./Drivers/STM32F4xx_HAL_Driver/Src/stm32f4xx_ll_usart.o
 .ARM.attributes
                0x000001e3       0x34 ./Drivers/STM32F4xx_HAL_Driver/Src/stm32f4xx_ll_utils.o
 .ARM.attributes
                0x00000217       0x34 ./FREERTOS/list.o
 .ARM.attributes
                0x0000024b       0x34 ./FREERTOS/tasks.o
 .ARM.attributes
                0x0000027f       0x34 ./FREERTOS/portable/GCC/ARM_CM4F/port.o
 .ARM.attributes
                0x000002b3       0x34 ./FREERTOS/portable/heap_4.o
 .ARM.attributes
                0x000002e7       0x34 C:/ST/STM32CubeIDE_1.15.1/STM32CubeIDE/plugins/com.st.stm32cube.ide.mcu.externaltools.gnu-tools-for-stm32.12.3.rel1.win32_1.0.100.202403111256/tools/bin/../lib/gcc/arm-none-eabi/12.3.1/../../../../arm-none-eabi/lib/thumb/v7e-m+fp/hard\libc_nano.a(libc_a-memset.o)
 .ARM.attributes
                0x0000031b       0x34 C:/ST/STM32CubeIDE_1.15.1/STM32CubeIDE/plugins/com.st.stm32cube.ide.mcu.externaltools.gnu-tools-for-stm32.12.3.rel1.win32_1.0.100.202403111256/tools/bin/../lib/gcc/arm-none-eabi/12.3.1/../../../../arm-none-eabi/lib/thumb/v7e-m+fp/hard\libc_nano.a(libc_a-init.o)
 .ARM.attributes
                0x0000034f       0x22 C:/ST/STM32CubeIDE_1.15.1/STM32CubeIDE/plugins/com.st.stm32cube.ide.mcu.externaltools.gnu-tools-for-stm32.12.3.rel1.win32_1.0.100.202403111256/tools/bin/../lib/gcc/arm-none-eabi/12.3.1/thumb/v7e-m+fp/hard\libgcc.a(_aeabi_uldivmod.o)
 .ARM.attributes
                0x00000371       0x34 C:/ST/STM32CubeIDE_1.15.1/STM32CubeIDE/plugins/com.st.stm32cube.ide.mcu.externaltools.gnu-tools-for-stm32.12.3.rel1.win32_1.0.100.202403111256/tools/bin/../lib/gcc/arm-none-eabi/12.3.1/thumb/v7e-m+fp/hard\libgcc.a(_udivmoddi4.o)
 .ARM.attributes
                0x000003a5       0x22 C:/ST/STM32CubeIDE_1.15.1/STM32CubeIDE/plugins/com.st.stm32cube.ide.mcu.externaltools.gnu-tools-for-stm32.12.3.rel1.win32_1.0.100.202403111256/tools/bin/../lib/gcc/arm-none-eabi/12.3.1/thumb/v7e-m+fp/hard\libgcc.a(_dvmd_tls.o)
 .ARM.attributes
                0x000003c7       0x22 C:/ST/STM32CubeIDE_1.15.1/STM32CubeIDE/plugins/com.st.stm32cube.ide.mcu.externaltools.gnu-tools-for-stm32.12.3.rel1.win32_1.0.100.202403111256/tools/bin/../lib/gcc/arm-none-eabi/12.3.1/thumb/v7e-m+fp/hard/crtn.o
OUTPUT(CMD_Line.elf elf32-littlearm)
LOAD linker stubs
LOAD C:/ST/STM32CubeIDE_1.15.1/STM32CubeIDE/plugins/com.st.stm32cube.ide.mcu.externaltools.gnu-tools-for-stm32.12.3.rel1.win32_1.0.100.202403111256/tools/bin/../lib/gcc/arm-none-eabi/12.3.1/../../../../arm-none-eabi/lib/thumb/v7e-m+fp/hard\libc.a
LOAD C:/ST/STM32CubeIDE_1.15.1/STM32CubeIDE/plugins/com.st.stm32cube.ide.mcu.externaltools.gnu-tools-for-stm32.12.3.rel1.win32_1.0.100.202403111256/tools/bin/../lib/gcc/arm-none-eabi/12.3.1/../../../../arm-none-eabi/lib/thumb/v7e-m+fp/hard\libm.a
LOAD C:/ST/STM32CubeIDE_1.15.1/STM32CubeIDE/plugins/com.st.stm32cube.ide.mcu.externaltools.gnu-tools-for-stm32.12.3.rel1.win32_1.0.100.202403111256/tools/bin/../lib/gcc/arm-none-eabi/12.3.1/thumb/v7e-m+fp/hard\libgcc.a

.debug_info     0x00000000     0x8c93
 .debug_info    0x00000000      0xd70 ./BSP/UART/uart.o
 .debug_info    0x00000d70     0x14dc ./Core/Src/main.o
 .debug_info    0x0000224c      0x488 ./Core/Src/stm32f4xx_it.o
 .debug_info    0x000026d4      0x550 ./Core/Src/system_stm32f4xx.o
 .debug_info    0x00002c24       0x30 ./Core/Startup/startup_stm32f411vetx.o
 .debug_info    0x00002c54      0xc96 ./Drivers/STM32F4xx_HAL_Driver/Src/stm32f4xx_ll_gpio.o
 .debug_info    0x000038ea      0x931 ./Drivers/STM32F4xx_HAL_Driver/Src/stm32f4xx_ll_rcc.o
 .debug_info    0x0000421b      0x8d9 ./Drivers/STM32F4xx_HAL_Driver/Src/stm32f4xx_ll_usart.o
 .debug_info    0x00004af4      0xc76 ./Drivers/STM32F4xx_HAL_Driver/Src/stm32f4xx_ll_utils.o
 .debug_info    0x0000576a      0x2c3 ./FREERTOS/list.o
 .debug_info    0x00005a2d     0x2901 ./FREERTOS/tasks.o
 .debug_info    0x0000832e      0x38f ./FREERTOS/portable/GCC/ARM_CM4F/port.o
 .debug_info    0x000086bd      0x5d6 ./FREERTOS/portable/heap_4.o

.debug_abbrev   0x00000000     0x221e
 .debug_abbrev  0x00000000      0x409 ./BSP/UART/uart.o
 .debug_abbrev  0x00000409      0x416 ./Core/Src/main.o
 .debug_abbrev  0x0000081f      0x1e3 ./Core/Src/stm32f4xx_it.o
 .debug_abbrev  0x00000a02      0x120 ./Core/Src/system_stm32f4xx.o
 .debug_abbrev  0x00000b22       0x24 ./Core/Startup/startup_stm32f411vetx.o
 .debug_abbrev  0x00000b46      0x2b7 ./Drivers/STM32F4xx_HAL_Driver/Src/stm32f4xx_ll_gpio.o
 .debug_abbrev  0x00000dfd      0x325 ./Drivers/STM32F4xx_HAL_Driver/Src/stm32f4xx_ll_rcc.o
 .debug_abbrev  0x00001122      0x2cf ./Drivers/STM32F4xx_HAL_Driver/Src/stm32f4xx_ll_usart.o
 .debug_abbrev  0x000013f1      0x2ff ./Drivers/STM32F4xx_HAL_Driver/Src/stm32f4xx_ll_utils.o
 .debug_abbrev  0x000016f0      0x10c ./FREERTOS/list.o
 .debug_abbrev  0x000017fc      0x4f5 ./FREERTOS/tasks.o
 .debug_abbrev  0x00001cf1      0x24a ./FREERTOS/portable/GCC/ARM_CM4F/port.o
 .debug_abbrev  0x00001f3b      0x2e3 ./FREERTOS/portable/heap_4.o

.debug_loclists
                0x00000000     0x2be0
 .debug_loclists
                0x00000000      0x4b2 ./BSP/UART/uart.o
 .debug_loclists
                0x000004b2      0x1b7 ./Core/Src/main.o
 .debug_loclists
                0x00000669       0xc4 ./Core/Src/system_stm32f4xx.o
 .debug_loclists
                0x0000072d      0x2ed ./Drivers/STM32F4xx_HAL_Driver/Src/stm32f4xx_ll_gpio.o
 .debug_loclists
                0x00000a1a      0x241 ./Drivers/STM32F4xx_HAL_Driver/Src/stm32f4xx_ll_rcc.o
 .debug_loclists
                0x00000c5b      0x26f ./Drivers/STM32F4xx_HAL_Driver/Src/stm32f4xx_ll_usart.o
 .debug_loclists
                0x00000eca      0x49b ./Drivers/STM32F4xx_HAL_Driver/Src/stm32f4xx_ll_utils.o
 .debug_loclists
                0x00001365       0x71 ./FREERTOS/list.o
 .debug_loclists
                0x000013d6     0x14a9 ./FREERTOS/tasks.o
 .debug_loclists
                0x0000287f       0x86 ./FREERTOS/portable/GCC/ARM_CM4F/port.o
 .debug_loclists
                0x00002905      0x2db ./FREERTOS/portable/heap_4.o

.debug_aranges  0x00000000      0x528
 .debug_aranges
                0x00000000       0x50 ./BSP/UART/uart.o
 .debug_aranges
                0x00000050       0x40 ./Core/Src/main.o
 .debug_aranges
                0x00000090       0x68 ./Core/Src/stm32f4xx_it.o
 .debug_aranges
                0x000000f8       0x28 ./Core/Src/system_stm32f4xx.o
 .debug_aranges
                0x00000120       0x28 ./Core/Startup/startup_stm32f411vetx.o
 .debug_aranges
                0x00000148       0x30 ./Drivers/STM32F4xx_HAL_Driver/Src/stm32f4xx_ll_gpio.o
 .debug_aranges
                0x00000178       0x78 ./Drivers/STM32F4xx_HAL_Driver/Src/stm32f4xx_ll_rcc.o
 .debug_aranges
                0x000001f0       0x40 ./Drivers/STM32F4xx_HAL_Driver/Src/stm32f4xx_ll_usart.o
 .debug_aranges
                0x00000230       0x58 ./Drivers/STM32F4xx_HAL_Driver/Src/stm32f4xx_ll_utils.o
 .debug_aranges
                0x00000288       0x40 ./FREERTOS/list.o
 .debug_aranges
                0x000002c8      0x198 ./FREERTOS/tasks.o
 .debug_aranges
                0x00000460       0x78 ./FREERTOS/portable/GCC/ARM_CM4F/port.o
 .debug_aranges
                0x000004d8       0x50 ./FREERTOS/portable/heap_4.o

.debug_rnglists
                0x00000000      0x7c7
 .debug_rnglists
                0x00000000       0x85 ./BSP/UART/uart.o
 .debug_rnglists
                0x00000085       0xac ./Core/Src/main.o
 .debug_rnglists
                0x00000131       0x49 ./Core/Src/stm32f4xx_it.o
 .debug_rnglists
                0x0000017a       0x19 ./Core/Src/system_stm32f4xx.o
 .debug_rnglists
                0x00000193       0x19 ./Core/Startup/startup_stm32f411vetx.o
 .debug_rnglists
                0x000001ac       0xf5 ./Drivers/STM32F4xx_HAL_Driver/Src/stm32f4xx_ll_gpio.o
 .debug_rnglists
                0x000002a1      0x104 ./Drivers/STM32F4xx_HAL_Driver/Src/stm32f4xx_ll_rcc.o
 .debug_rnglists
                0x000003a5       0x51 ./Drivers/STM32F4xx_HAL_Driver/Src/stm32f4xx_ll_usart.o
 .debug_rnglists
                0x000003f6       0xa0 ./Drivers/STM32F4xx_HAL_Driver/Src/stm32f4xx_ll_utils.o
 .debug_rnglists
                0x00000496       0x2b ./FREERTOS/list.o
 .debug_rnglists
                0x000004c1      0x25f ./FREERTOS/tasks.o
 .debug_rnglists
                0x00000720       0x61 ./FREERTOS/portable/GCC/ARM_CM4F/port.o
 .debug_rnglists
                0x00000781       0x46 ./FREERTOS/portable/heap_4.o

.debug_macro    0x00000000    0x10d7d
 .debug_macro   0x00000000      0x108 ./BSP/UART/uart.o
 .debug_macro   0x00000108      0xafc ./BSP/UART/uart.o
 .debug_macro   0x00000c04       0x22 ./BSP/UART/uart.o
 .debug_macro   0x00000c26       0x8e ./BSP/UART/uart.o
 .debug_macro   0x00000cb4       0x51 ./BSP/UART/uart.o
 .debug_macro   0x00000d05      0x103 ./BSP/UART/uart.o
 .debug_macro   0x00000e08       0x6a ./BSP/UART/uart.o
 .debug_macro   0x00000e72      0x1df ./BSP/UART/uart.o
 .debug_macro   0x00001051       0x22 ./BSP/UART/uart.o
 .debug_macro   0x00001073       0x2e ./BSP/UART/uart.o
 .debug_macro   0x000010a1       0x28 ./BSP/UART/uart.o
 .debug_macro   0x000010c9       0x1c ./BSP/UART/uart.o
 .debug_macro   0x000010e5       0x22 ./BSP/UART/uart.o
 .debug_macro   0x00001107       0xfb ./BSP/UART/uart.o
 .debug_macro   0x00001202     0x1011 ./BSP/UART/uart.o
 .debug_macro   0x00002213      0x11f ./BSP/UART/uart.o
 .debug_macro   0x00002332     0xb953 ./BSP/UART/uart.o
 .debug_macro   0x0000dc85       0x6d ./BSP/UART/uart.o
 .debug_macro   0x0000dcf2      0x1b5 ./BSP/UART/uart.o
 .debug_macro   0x0000dea7      0x156 ./Core/Src/main.o
 .debug_macro   0x0000dffd      0x782 ./Core/Src/main.o
 .debug_macro   0x0000e77f      0x11d ./Core/Src/main.o
 .debug_macro   0x0000e89c      0x1ab ./Core/Src/main.o
 .debug_macro   0x0000ea47       0xe8 ./Core/Src/main.o
 .debug_macro   0x0000eb2f      0x1a6 ./Core/Src/main.o
 .debug_macro   0x0000ecd5       0x61 ./Core/Src/main.o
 .debug_macro   0x0000ed36       0xbc ./Core/Src/main.o
 .debug_macro   0x0000edf2      0x1e6 ./Core/Src/main.o
 .debug_macro   0x0000efd8      0x1bb ./Core/Src/main.o
 .debug_macro   0x0000f193      0x149 ./Core/Src/main.o
 .debug_macro   0x0000f2dc       0x22 ./Core/Src/main.o
 .debug_macro   0x0000f2fe      0x160 ./Core/Src/stm32f4xx_it.o
 .debug_macro   0x0000f45e       0xce ./Core/Src/system_stm32f4xx.o
 .debug_macro   0x0000f52c      0x110 ./Drivers/STM32F4xx_HAL_Driver/Src/stm32f4xx_ll_gpio.o
 .debug_macro   0x0000f63c      0x143 ./Drivers/STM32F4xx_HAL_Driver/Src/stm32f4xx_ll_gpio.o
 .debug_macro   0x0000f77f       0xf5 ./Drivers/STM32F4xx_HAL_Driver/Src/stm32f4xx_ll_rcc.o
 .debug_macro   0x0000f874      0x13d ./Drivers/STM32F4xx_HAL_Driver/Src/stm32f4xx_ll_usart.o
 .debug_macro   0x0000f9b1      0x788 ./Drivers/STM32F4xx_HAL_Driver/Src/stm32f4xx_ll_usart.o
 .debug_macro   0x00010139      0x1a8 ./Drivers/STM32F4xx_HAL_Driver/Src/stm32f4xx_ll_utils.o
 .debug_macro   0x000102e1       0x5b ./Drivers/STM32F4xx_HAL_Driver/Src/stm32f4xx_ll_utils.o
 .debug_macro   0x0001033c      0x213 ./FREERTOS/list.o
 .debug_macro   0x0001054f      0x32f ./FREERTOS/tasks.o
 .debug_macro   0x0001087e       0x17 ./FREERTOS/tasks.o
 .debug_macro   0x00010895      0x240 ./FREERTOS/portable/GCC/ARM_CM4F/port.o
 .debug_macro   0x00010ad5      0x2a8 ./FREERTOS/portable/heap_4.o

.debug_line     0x00000000     0x8e39
 .debug_line    0x00000000      0xa1a ./BSP/UART/uart.o
 .debug_line    0x00000a1a      0xb6e ./Core/Src/main.o
 .debug_line    0x00001588      0x776 ./Core/Src/stm32f4xx_it.o
 .debug_line    0x00001cfe      0x589 ./Core/Src/system_stm32f4xx.o
 .debug_line    0x00002287       0x7a ./Core/Startup/startup_stm32f411vetx.o
 .debug_line    0x00002301      0xa61 ./Drivers/STM32F4xx_HAL_Driver/Src/stm32f4xx_ll_gpio.o
 .debug_line    0x00002d62      0xa51 ./Drivers/STM32F4xx_HAL_Driver/Src/stm32f4xx_ll_rcc.o
 .debug_line    0x000037b3      0x817 ./Drivers/STM32F4xx_HAL_Driver/Src/stm32f4xx_ll_usart.o
 .debug_line    0x00003fca      0xb94 ./Drivers/STM32F4xx_HAL_Driver/Src/stm32f4xx_ll_utils.o
 .debug_line    0x00004b5e      0x92b ./FREERTOS/list.o
 .debug_line    0x00005489     0x2505 ./FREERTOS/tasks.o
 .debug_line    0x0000798e      0x8b7 ./FREERTOS/portable/GCC/ARM_CM4F/port.o
 .debug_line    0x00008245      0xbf4 ./FREERTOS/portable/heap_4.o

.debug_str      0x00000000    0x6e904
 .debug_str     0x00000000    0x511bd ./BSP/UART/uart.o
                              0x51347 (size before relaxing)
 .debug_str     0x000511bd     0xa02e ./Core/Src/main.o
                              0x5b1f0 (size before relaxing)
 .debug_str     0x0005b1eb       0xcf ./Core/Src/stm32f4xx_it.o
                              0x5abfa (size before relaxing)
 .debug_str     0x0005b2ba       0x77 ./Core/Src/system_stm32f4xx.o
                              0x50020 (size before relaxing)
 .debug_str     0x0005b331       0x44 ./Core/Startup/startup_stm32f411vetx.o
                                 0x7f (size before relaxing)
 .debug_str     0x0005b375      0x690 ./Drivers/STM32F4xx_HAL_Driver/Src/stm32f4xx_ll_gpio.o
                              0x5152b (size before relaxing)
 .debug_str     0x0005ba05      0x474 ./Drivers/STM32F4xx_HAL_Driver/Src/stm32f4xx_ll_rcc.o
                              0x5547e (size before relaxing)
 .debug_str     0x0005be79      0x85b ./Drivers/STM32F4xx_HAL_Driver/Src/stm32f4xx_ll_usart.o
                              0x56e31 (size before relaxing)
 .debug_str     0x0005c6d4     0x1683 ./Drivers/STM32F4xx_HAL_Driver/Src/stm32f4xx_ll_utils.o
                              0x57ac4 (size before relaxing)
 .debug_str     0x0005dd57     0xc7e8 ./FREERTOS/list.o
                              0x5c6fa (size before relaxing)
 .debug_str     0x0006a53f     0x34a8 ./FREERTOS/tasks.o
                              0x5fc3b (size before relaxing)
 .debug_str     0x0006d9e7      0x838 ./FREERTOS/portable/GCC/ARM_CM4F/port.o
                              0x5b149 (size before relaxing)
 .debug_str     0x0006e21f      0x6e5 ./FREERTOS/portable/heap_4.o
                              0x5e22d (size before relaxing)

.comment        0x00000000       0x43
 .comment       0x00000000       0x43 ./BSP/UART/uart.o
                                 0x44 (size before relaxing)
 .comment       0x00000043       0x44 ./Core/Src/main.o
 .comment       0x00000043       0x44 ./Core/Src/stm32f4xx_it.o
 .comment       0x00000043       0x44 ./Core/Src/system_stm32f4xx.o
 .comment       0x00000043       0x44 ./Drivers/STM32F4xx_HAL_Driver/Src/stm32f4xx_ll_gpio.o
 .comment       0x00000043       0x44 ./Drivers/STM32F4xx_HAL_Driver/Src/stm32f4xx_ll_rcc.o
 .comment       0x00000043       0x44 ./Drivers/STM32F4xx_HAL_Driver/Src/stm32f4xx_ll_usart.o
 .comment       0x00000043       0x44 ./Drivers/STM32F4xx_HAL_Driver/Src/stm32f4xx_ll_utils.o
 .comment       0x00000043       0x44 ./FREERTOS/list.o
 .comment       0x00000043       0x44 ./FREERTOS/tasks.o
 .comment       0x00000043       0x44 ./FREERTOS/portable/GCC/ARM_CM4F/port.o
 .comment       0x00000043       0x44 ./FREERTOS/portable/heap_4.o

.debug_frame    0x00000000      0xca4
 .debug_frame   0x00000000       0xb0 ./BSP/UART/uart.o
 .debug_frame   0x000000b0       0x78 ./Core/Src/main.o
 .debug_frame   0x00000128       0xb0 ./Core/Src/stm32f4xx_it.o
 .debug_frame   0x000001d8       0x30 ./Core/Src/system_stm32f4xx.o
 .debug_frame   0x00000208       0x58 ./Drivers/STM32F4xx_HAL_Driver/Src/stm32f4xx_ll_gpio.o
 .debug_frame   0x00000260       0xf0 ./Drivers/STM32F4xx_HAL_Driver/Src/stm32f4xx_ll_rcc.o
 .debug_frame   0x00000350       0x7c ./Drivers/STM32F4xx_HAL_Driver/Src/stm32f4xx_ll_usart.o
 .debug_frame   0x000003cc       0xe4 ./Drivers/STM32F4xx_HAL_Driver/Src/stm32f4xx_ll_utils.o
 .debug_frame   0x000004b0       0x6c ./FREERTOS/list.o
 .debug_frame   0x0000051c      0x520 ./FREERTOS/tasks.o
 .debug_frame   0x00000a3c       0xec ./FREERTOS/portable/GCC/ARM_CM4F/port.o
 .debug_frame   0x00000b28       0xd0 ./FREERTOS/portable/heap_4.o
 .debug_frame   0x00000bf8       0x20 C:/ST/STM32CubeIDE_1.15.1/STM32CubeIDE/plugins/com.st.stm32cube.ide.mcu.externaltools.gnu-tools-for-stm32.12.3.rel1.win32_1.0.100.202403111256/tools/bin/../lib/gcc/arm-none-eabi/12.3.1/../../../../arm-none-eabi/lib/thumb/v7e-m+fp/hard\libc_nano.a(libc_a-memset.o)
 .debug_frame   0x00000c18       0x2c C:/ST/STM32CubeIDE_1.15.1/STM32CubeIDE/plugins/com.st.stm32cube.ide.mcu.externaltools.gnu-tools-for-stm32.12.3.rel1.win32_1.0.100.202403111256/tools/bin/../lib/gcc/arm-none-eabi/12.3.1/../../../../arm-none-eabi/lib/thumb/v7e-m+fp/hard\libc_nano.a(libc_a-init.o)
 .debug_frame   0x00000c44       0x2c C:/ST/STM32CubeIDE_1.15.1/STM32CubeIDE/plugins/com.st.stm32cube.ide.mcu.externaltools.gnu-tools-for-stm32.12.3.rel1.win32_1.0.100.202403111256/tools/bin/../lib/gcc/arm-none-eabi/12.3.1/thumb/v7e-m+fp/hard\libgcc.a(_aeabi_uldivmod.o)
 .debug_frame   0x00000c70       0x34 C:/ST/STM32CubeIDE_1.15.1/STM32CubeIDE/plugins/com.st.stm32cube.ide.mcu.externaltools.gnu-tools-for-stm32.12.3.rel1.win32_1.0.100.202403111256/tools/bin/../lib/gcc/arm-none-eabi/12.3.1/thumb/v7e-m+fp/hard\libgcc.a(_udivmoddi4.o)

.debug_line_str
                0x00000000       0x63
 .debug_line_str
                0x00000000       0x63 ./Core/Startup/startup_stm32f411vetx.o
