../Drivers/STM32F1xx_HAL_Driver/Inc/stm32f1xx_ll_gpio.h:803:22:LL_GPIO_SetOutputPin	16	static
../Drivers/STM32F1xx_HAL_Driver/Inc/stm32f1xx_ll_gpio.h:832:22:LL_GPIO_ResetOutputPin	16	static
../Devices/ACS712/acs712.h:26:23:ACS712_CurrentConverterVoltage	16	static
../App/Control/app_control_power.c:115:1:APP_CONTROL_Init	8	static
../App/Control/app_control_power.c:169:1:APP_CONTROL_CreateTask	8	static
../App/Control/app_control_power.c:184:1:APP_CONTROL_TaskUpdate	24	static
../App/Control/app_control_power.c:347:1:APP_CONTROL_TimeWaitDischarging	4	static
../App/Control/app_control_power.c:360:1:APP_CONTROL_ConvertVoltageOutput	24	static
../App/Control/app_control_power.c:371:1:APP_CONTROL_RelayOn	8	static
../App/Control/app_control_power.c:381:1:APP_CONTROL_RelayOff	8	static
../App/Control/app_control_power.c:391:1:APP_CONTROL_ResetData	4	static
