D:/OneDrive/Disk_2/CHARGE_BATTERY/Firmware/STM32/Control_System/BSP/FSMC/bsp_fsmc.h:29:24:BSP_FSMC_Send_Command	16	static
D:/OneDrive/Disk_2/CHARGE_BATTERY/Firmware/STM32/Control_System/BSP/FSMC/bsp_fsmc.h:34:24:BSP_FSMC_Send_Data	16	static
../Devices/SSD1963/ssd1963.c:50:1:SSD1963_SetAddrWindowForLv	24	static
../Devices/SSD1963/ssd1963.c:78:1:SSD1963_SendData	24	static
../Devices/SSD1963/ssd1963.c:87:1:SSD1963_SetRotation	16	static
../Devices/SSD1963/ssd1963.c:117:1:SSD1963_Init	8	static
../Devices/SSD1963/ssd1963.c:223:1:SSD1963_Flush	32	static
