D:/OneDrive/Disk_2/CHARGE_BATTERY/Firmware/STM32/Control_LLC/Devices/ACS712/acs712.h:26:23:ACS712_CurrentConverterVoltage	16	static
../App/Control/app_control_power.c:118:1:APP_CONTROL_Init	8	static
../App/Control/app_control_power.c:169:1:APP_CONTROL_CreateTask	8	static
../App/Control/app_control_power.c:195:1:APP_CONTROL_TaskUpdate	8	static
../App/Control/app_control_power.c:228:1:APP_CONTROL_CCCVChager	24	static
../App/Control/app_control_power.c:273:1:APP_CONTROL_ConvertVoltageOutput	24	static
../App/Control/app_control_power.c:284:1:APP_CONTROL_ResetData	4	static
