../Drivers/STM32F1xx_HAL_Driver/Inc/stm32f1xx_ll_gpio.h:803:22:LL_GPIO_SetOutputPin	16	static
../Drivers/STM32F1xx_HAL_Driver/Inc/stm32f1xx_ll_gpio.h:832:22:LL_GPIO_ResetOutputPin	16	static
../Devices/ACS712/acs712.h:26:23:ACS712_CurrentConverterVoltage	16	static
../App/Control/app_control_power.c:116:1:APP_CONTROL_Init	8	static
../App/Control/app_control_power.c:171:1:APP_CONTROL_CreateTask	8	static
../App/Control/app_control_power.c:186:1:APP_CONTROL_TaskUpdate	32	static
../App/Control/app_control_power.c:376:1:APP_CONTROL_TimeWaitDischarging	4	static
../App/Control/app_control_power.c:389:1:APP_CONTROL_ConvertVoltageOutput	24	static
../App/Control/app_control_power.c:396:1:APP_CONTROL_TurnOnPFC	8	static
../App/Control/app_control_power.c:402:1:APP_CONTROL_TurnOffPFC	8	static
../App/Control/app_control_power.c:412:1:APP_CONTROL_RelayOn	8	static
../App/Control/app_control_power.c:422:1:APP_CONTROL_RelayOff	8	static
