../Drivers/STM32F1xx_HAL_Driver/Inc/stm32f1xx_ll_gpio.h:803:22:LL_GPIO_SetOutputPin	16	static
../Drivers/STM32F1xx_HAL_Driver/Inc/stm32f1xx_ll_gpio.h:832:22:LL_GPIO_ResetOutputPin	16	static
../Drivers/STM32F1xx_HAL_Driver/Inc/stm32f1xx_ll_gpio.h:861:22:LL_GPIO_TogglePin	24	static
../App/LED/app_status_led.c:90:1:APP_STATUS_LED_Init	8	static
../App/LED/app_status_led.c:112:1:APP_STATUS_LED_CreateTimer	8	static
../App/LED/app_status_led.c:124:1:APP_STATUS_LED_CreateTask	8	static
../App/LED/app_status_led.c:149:1:APP_STATUS_LED_TaskUpdate	8	static
../App/LED/app_status_led.c:204:1:APP_STATUS_LED_100MS_TimerUpdate	8	static
../App/LED/app_status_led.c:227:1:APP_STATUS_LED_500MS_TimerUpdate	8	static
