../FREERTOS/event_groups.c:139:24:xEventGroupCreate	8	static
../FREERTOS/event_groups.c:306:13:xEventGroupWaitBits	32	static,ignoring_inline_asm
../FREERTOS/event_groups.c:466:13:xEventGroupClearBits	16	static
../FREERTOS/event_groups.c:518:13:xEventGroupGetBitsFromISR	0	static,ignoring_inline_asm
../FREERTOS/event_groups.c:538:13:xEventGroupSetBits	24	static
../FREERTOS/event_groups.c:179:13:xEventGroupSync	24	static,ignoring_inline_asm
../FREERTOS/event_groups.c:638:6:vEventGroupDelete	8	static
../FREERTOS/event_groups.c:736:6:vEventGroupSetBitsCallback	0	static
../FREERTOS/event_groups.c:752:6:vEventGroupClearBitsCallback	0	static
