../FREERTOS/queue.c:2602:19:prvIsQueueEmpty	8	static
../FREERTOS/queue.c:2378:19:prvCopyDataToQueue	16	static
../FREERTOS/queue.c:2461:13:prvCopyDataFromQueue	4	static
../FREERTOS/queue.c:2482:13:prvUnlockQueue	16	static
../FREERTOS/queue.c:303:12:xQueueGenericReset	16	static,ignoring_inline_asm
../FREERTOS/queue.c:502:19:xQueueGenericCreate	16	static
../FREERTOS/queue.c:939:12:xQueueGenericSend	40	static,ignoring_inline_asm
../FREERTOS/queue.c:644:19:xQueueCreateMutex	8	static
../FREERTOS/queue.c:1157:12:xQueueGenericSendFromISR	24	static,ignoring_inline_asm
../FREERTOS/queue.c:1326:12:xQueueGiveFromISR	24	static,ignoring_inline_asm
../FREERTOS/queue.c:1496:12:xQueueReceive	40	static,ignoring_inline_asm
../FREERTOS/queue.c:1646:12:xQueueSemaphoreTake	40	static,ignoring_inline_asm
../FREERTOS/queue.c:1871:12:xQueuePeek	40	static,ignoring_inline_asm
../FREERTOS/queue.c:2029:12:xQueueReceiveFromISR	24	static,ignoring_inline_asm
../FREERTOS/queue.c:2126:12:xQueuePeekFromISR	16	static,ignoring_inline_asm
../FREERTOS/queue.c:2185:13:uxQueueMessagesWaiting	8	static
../FREERTOS/queue.c:2205:13:uxQueueSpacesAvailable	8	static
../FREERTOS/queue.c:2226:13:uxQueueMessagesWaitingFromISR	0	static
../FREERTOS/queue.c:2242:6:vQueueDelete	0	static
../FREERTOS/queue.c:2331:13:uxQueueGetQueueItemSize	0	static
../FREERTOS/queue.c:2341:13:uxQueueGetQueueLength	0	static
../FREERTOS/queue.c:2623:12:xQueueIsQueueEmptyFromISR	0	static
../FREERTOS/queue.c:2668:12:xQueueIsQueueFullFromISR	0	static
