../FREERTOS/stream_buffer.c:1455:15:prvBytesInBuffer	0	static
../FREERTOS/stream_buffer.c:1365:15:prvWriteBytesToBuffer	24	static
../FREERTOS/stream_buffer.c:908:15:prvWriteMessageToBuffer	24	static
../FREERTOS/stream_buffer.c:1411:15:prvReadBytesFromBuffer	24	static
../FREERTOS/stream_buffer.c:1173:15:prvReadMessageFromBuffer	32	static
../FREERTOS/stream_buffer.c:319:26:xStreamBufferGenericCreate	24	static
../FREERTOS/stream_buffer.c:533:6:vStreamBufferDelete	0	static
../FREERTOS/stream_buffer.c:570:12:xStreamBufferReset	24	static
../FREERTOS/stream_buffer.c:631:12:xStreamBufferSetTriggerLevel	0	static
../FREERTOS/stream_buffer.c:665:8:xStreamBufferSpacesAvailable	12	static
../FREERTOS/stream_buffer.c:702:8:xStreamBufferBytesAvailable	0	static
../FREERTOS/stream_buffer.c:719:8:xStreamBufferSend	56	static
../FREERTOS/stream_buffer.c:854:8:xStreamBufferSendFromISR	32	static,ignoring_inline_asm
../FREERTOS/stream_buffer.c:961:8:xStreamBufferReceive	40	static
../FREERTOS/stream_buffer.c:1069:8:xStreamBufferNextMessageLengthBytes	16	static
../FREERTOS/stream_buffer.c:1113:8:xStreamBufferReceiveFromISR	32	static,ignoring_inline_asm
../FREERTOS/stream_buffer.c:1228:12:xStreamBufferIsEmpty	0	static
../FREERTOS/stream_buffer.c:1256:12:xStreamBufferIsFull	8	static
../FREERTOS/stream_buffer.c:1295:12:xStreamBufferSendCompletedFromISR	24	static,ignoring_inline_asm
../FREERTOS/stream_buffer.c:1330:12:xStreamBufferReceiveCompletedFromISR	24	static,ignoring_inline_asm
