21:30:02 **** Incremental Build of configuration Debug for project Control_LLC ****
make -j22 all 
arm-none-eabi-gcc "../BSP/ADC/adc.c" -mcpu=cortex-m3 -std=gnu11 -g3 -DDEBUG -DSTM32F103xB -DUSE_FULL_LL_DRIVER -DUSE_HAL_DRIVER -c -I../Core/Inc -I../Drivers/STM32F1xx_HAL_Driver/Inc -I../Drivers/CMSIS/Device/ST/STM32F1xx/Include -I../Drivers/CMSIS/Include -I"D:/CHARGE_BATTERY/Firmware/STM32/Control_LLC/BSP/UART" -I"D:/CHARGE_BATTERY/Firmware/STM32/Control_LLC/BSP/ADC" -I"D:/CHARGE_BATTERY/Firmware/STM32/Control_LLC/BSP/PWM" -I"D:/CHARGE_BATTERY/Firmware/STM32/Control_LLC/Middleware/PI_Control" -I"D:/CHARGE_BATTERY/Firmware/STM32/Control_LLC/App/Control" -I"D:/CHARGE_BATTERY/Firmware/STM32/Control_LLC/App/LED" -I"D:/CHARGE_BATTERY/Firmware/STM32/Control_LLC/Scheduler" -I"D:/CHARGE_BATTERY/Firmware/STM32/Control_LLC/App/CMDLine/Include" -I"D:/CHARGE_BATTERY/Firmware/STM32/Control_LLC/BSP/SysTick" -I"D:/CHARGE_BATTERY/Firmware/STM32/Control_LLC/App/Common/Include" -I"D:/CHARGE_BATTERY/Firmware/STM32/Control_LLC/Middleware/Frequency_convert_pulse" -I../Drivers/STM32F1xx_HAL_Driver/Inc/Legacy -O0 -ffunction-sections -fdata-sections -Wall -fstack-usage -fcyclomatic-complexity -MMD -MP -MF"BSP/ADC/adc.d" -MT"BSP/ADC/adc.o" --specs=nano.specs -mfloat-abi=soft -mthumb -o "BSP/ADC/adc.o"
arm-none-eabi-gcc -o "Control_LLC.elf" @"objects.list"   -mcpu=cortex-m3 -T"D:\CHARGE_BATTERY\Firmware\STM32\Control_LLC\STM32F103C8TX_FLASH.ld" --specs=nosys.specs -Wl,-Map="Control_LLC.map" -Wl,--gc-sections -static --specs=nano.specs -mfloat-abi=soft -mthumb -Wl,--start-group -lc -lm -Wl,--end-group
Finished building target: Control_LLC.elf
 
arm-none-eabi-size  Control_LLC.elf 
arm-none-eabi-objdump -h -S Control_LLC.elf  > "Control_LLC.list"
   text	   data	    bss	    dec	    hex	filename
  11740	     12	   1932	  13684	   3574	Control_LLC.elf
Finished building: default.size.stdout
 
Finished building: Control_LLC.list
 

21:30:03 Build Finished. 0 errors, 0 warnings. (took 1s.71ms)

