17:12:49 **** Build of configuration Debug for project Control_LLC ****
make -j6 all 
arm-none-eabi-gcc "../Scheduler/scheduler.c" -mcpu=cortex-m3 -std=gnu11 -g3 -DDEBUG -DSTM32F103xB -DUSE_FULL_LL_DRIVER -DHSE_VALUE=8000000 -DHSE_STARTUP_TIMEOUT=100 -DLSE_STARTUP_TIMEOUT=5000 -DLSE_VALUE=32768 -DHSI_VALUE=8000000 -DLSI_VALUE=40000 -DVDD_VALUE=3300 -DPREFETCH_ENABLE=1 -c -I../Core/Inc -I../Drivers/STM32F1xx_HAL_Driver/Inc -I../Drivers/CMSIS/Device/ST/STM32F1xx/Include -I../Drivers/CMSIS/Include -I"D:/Github/Project/CHARGE_BATTERY/Firmware/STM32/Control_LLC/BSP/UART" -I"D:/Github/Project/CHARGE_BATTERY/Firmware/STM32/Control_LLC/BSP/ADC" -I"D:/Github/Project/CHARGE_BATTERY/Firmware/STM32/Control_LLC/BSP/PWM" -I"D:/Github/Project/CHARGE_BATTERY/Firmware/STM32/Control_LLC/Middleware/PI_Control" -I"D:/Github/Project/CHARGE_BATTERY/Firmware/STM32/Control_LLC/App/Control" -I"D:/Github/Project/CHARGE_BATTERY/Firmware/STM32/Control_LLC/App/LED" -I"D:/Github/Project/CHARGE_BATTERY/Firmware/STM32/Control_LLC/Scheduler" -I"D:/Github/Project/CHARGE_BATTERY/Firmware/STM32/Control_LLC/App/CMDLine/Include" -I"D:/Github/Project/CHARGE_BATTERY/Firmware/STM32/Control_LLC/BSP/SysTick" -I"D:/Github/Project/CHARGE_BATTERY/Firmware/STM32/Control_LLC/App/Common/Include" -I"D:/Github/Project/CHARGE_BATTERY/Firmware/STM32/Control_LLC/Middleware/Frequency_convert_pulse" -I"D:/Github/Project/CHARGE_BATTERY/Firmware/STM32/Control_LLC/BSP/I2C" -I"D:/Github/Project/CHARGE_BATTERY/Firmware/STM32/Control_LLC/Devices/ADS1115" -I"D:/Github/Project/CHARGE_BATTERY/Firmware/STM32/Control_LLC/BSP" -I"D:/Github/Project/CHARGE_BATTERY/Firmware/STM32/Control_LLC/Devices" -I"D:/Github/Project/CHARGE_BATTERY/Firmware/STM32/Control_LLC/Middleware/Voltage_convert_frequency" -I"D:/Github/Project/CHARGE_BATTERY/Firmware/STM32/Control_LLC/App/Data" -O0 -ffunction-sections -fdata-sections -Wall -fstack-usage -fcyclomatic-complexity -MMD -MP -MF"Scheduler/scheduler.d" -MT"Scheduler/scheduler.o" --specs=nano.specs -mfloat-abi=soft -mthumb -o "Scheduler/scheduler.o"
arm-none-eabi-gcc "../Middleware/Voltage_convert_frequency/voltage_convert_frequency.c" -mcpu=cortex-m3 -std=gnu11 -g3 -DDEBUG -DSTM32F103xB -DUSE_FULL_LL_DRIVER -DHSE_VALUE=8000000 -DHSE_STARTUP_TIMEOUT=100 -DLSE_STARTUP_TIMEOUT=5000 -DLSE_VALUE=32768 -DHSI_VALUE=8000000 -DLSI_VALUE=40000 -DVDD_VALUE=3300 -DPREFETCH_ENABLE=1 -c -I../Core/Inc -I../Drivers/STM32F1xx_HAL_Driver/Inc -I../Drivers/CMSIS/Device/ST/STM32F1xx/Include -I../Drivers/CMSIS/Include -I"D:/Github/Project/CHARGE_BATTERY/Firmware/STM32/Control_LLC/BSP/UART" -I"D:/Github/Project/CHARGE_BATTERY/Firmware/STM32/Control_LLC/BSP/ADC" -I"D:/Github/Project/CHARGE_BATTERY/Firmware/STM32/Control_LLC/BSP/PWM" -I"D:/Github/Project/CHARGE_BATTERY/Firmware/STM32/Control_LLC/Middleware/PI_Control" -I"D:/Github/Project/CHARGE_BATTERY/Firmware/STM32/Control_LLC/App/Control" -I"D:/Github/Project/CHARGE_BATTERY/Firmware/STM32/Control_LLC/App/LED" -I"D:/Github/Project/CHARGE_BATTERY/Firmware/STM32/Control_LLC/Scheduler" -I"D:/Github/Project/CHARGE_BATTERY/Firmware/STM32/Control_LLC/App/CMDLine/Include" -I"D:/Github/Project/CHARGE_BATTERY/Firmware/STM32/Control_LLC/BSP/SysTick" -I"D:/Github/Project/CHARGE_BATTERY/Firmware/STM32/Control_LLC/App/Common/Include" -I"D:/Github/Project/CHARGE_BATTERY/Firmware/STM32/Control_LLC/Middleware/Frequency_convert_pulse" -I"D:/Github/Project/CHARGE_BATTERY/Firmware/STM32/Control_LLC/BSP/I2C" -I"D:/Github/Project/CHARGE_BATTERY/Firmware/STM32/Control_LLC/Devices/ADS1115" -I"D:/Github/Project/CHARGE_BATTERY/Firmware/STM32/Control_LLC/BSP" -I"D:/Github/Project/CHARGE_BATTERY/Firmware/STM32/Control_LLC/Devices" -I"D:/Github/Project/CHARGE_BATTERY/Firmware/STM32/Control_LLC/Middleware/Voltage_convert_frequency" -I"D:/Github/Project/CHARGE_BATTERY/Firmware/STM32/Control_LLC/App/Data" -O0 -ffunction-sections -fdata-sections -Wall -fstack-usage -fcyclomatic-complexity -MMD -MP -MF"Middleware/Voltage_convert_frequency/voltage_convert_frequency.d" -MT"Middleware/Voltage_convert_frequency/voltage_convert_frequency.o" --specs=nano.specs -mfloat-abi=soft -mthumb -o "Middleware/Voltage_convert_frequency/voltage_convert_frequency.o"
arm-none-eabi-gcc "../Middleware/PI_Control/pi_control.c" -mcpu=cortex-m3 -std=gnu11 -g3 -DDEBUG -DSTM32F103xB -DUSE_FULL_LL_DRIVER -DHSE_VALUE=8000000 -DHSE_STARTUP_TIMEOUT=100 -DLSE_STARTUP_TIMEOUT=5000 -DLSE_VALUE=32768 -DHSI_VALUE=8000000 -DLSI_VALUE=40000 -DVDD_VALUE=3300 -DPREFETCH_ENABLE=1 -c -I../Core/Inc -I../Drivers/STM32F1xx_HAL_Driver/Inc -I../Drivers/CMSIS/Device/ST/STM32F1xx/Include -I../Drivers/CMSIS/Include -I"D:/Github/Project/CHARGE_BATTERY/Firmware/STM32/Control_LLC/BSP/UART" -I"D:/Github/Project/CHARGE_BATTERY/Firmware/STM32/Control_LLC/BSP/ADC" -I"D:/Github/Project/CHARGE_BATTERY/Firmware/STM32/Control_LLC/BSP/PWM" -I"D:/Github/Project/CHARGE_BATTERY/Firmware/STM32/Control_LLC/Middleware/PI_Control" -I"D:/Github/Project/CHARGE_BATTERY/Firmware/STM32/Control_LLC/App/Control" -I"D:/Github/Project/CHARGE_BATTERY/Firmware/STM32/Control_LLC/App/LED" -I"D:/Github/Project/CHARGE_BATTERY/Firmware/STM32/Control_LLC/Scheduler" -I"D:/Github/Project/CHARGE_BATTERY/Firmware/STM32/Control_LLC/App/CMDLine/Include" -I"D:/Github/Project/CHARGE_BATTERY/Firmware/STM32/Control_LLC/BSP/SysTick" -I"D:/Github/Project/CHARGE_BATTERY/Firmware/STM32/Control_LLC/App/Common/Include" -I"D:/Github/Project/CHARGE_BATTERY/Firmware/STM32/Control_LLC/Middleware/Frequency_convert_pulse" -I"D:/Github/Project/CHARGE_BATTERY/Firmware/STM32/Control_LLC/BSP/I2C" -I"D:/Github/Project/CHARGE_BATTERY/Firmware/STM32/Control_LLC/Devices/ADS1115" -I"D:/Github/Project/CHARGE_BATTERY/Firmware/STM32/Control_LLC/BSP" -I"D:/Github/Project/CHARGE_BATTERY/Firmware/STM32/Control_LLC/Devices" -I"D:/Github/Project/CHARGE_BATTERY/Firmware/STM32/Control_LLC/Middleware/Voltage_convert_frequency" -I"D:/Github/Project/CHARGE_BATTERY/Firmware/STM32/Control_LLC/App/Data" -O0 -ffunction-sections -fdata-sections -Wall -fstack-usage -fcyclomatic-complexity -MMD -MP -MF"Middleware/PI_Control/pi_control.d" -MT"Middleware/PI_Control/pi_control.o" --specs=nano.specs -mfloat-abi=soft -mthumb -o "Middleware/PI_Control/pi_control.o"
arm-none-eabi-gcc "../Middleware/Frequency_convert_pulse/Private/data_private.c" -mcpu=cortex-m3 -std=gnu11 -g3 -DDEBUG -DSTM32F103xB -DUSE_FULL_LL_DRIVER -DHSE_VALUE=8000000 -DHSE_STARTUP_TIMEOUT=100 -DLSE_STARTUP_TIMEOUT=5000 -DLSE_VALUE=32768 -DHSI_VALUE=8000000 -DLSI_VALUE=40000 -DVDD_VALUE=3300 -DPREFETCH_ENABLE=1 -c -I../Core/Inc -I../Drivers/STM32F1xx_HAL_Driver/Inc -I../Drivers/CMSIS/Device/ST/STM32F1xx/Include -I../Drivers/CMSIS/Include -I"D:/Github/Project/CHARGE_BATTERY/Firmware/STM32/Control_LLC/BSP/UART" -I"D:/Github/Project/CHARGE_BATTERY/Firmware/STM32/Control_LLC/BSP/ADC" -I"D:/Github/Project/CHARGE_BATTERY/Firmware/STM32/Control_LLC/BSP/PWM" -I"D:/Github/Project/CHARGE_BATTERY/Firmware/STM32/Control_LLC/Middleware/PI_Control" -I"D:/Github/Project/CHARGE_BATTERY/Firmware/STM32/Control_LLC/App/Control" -I"D:/Github/Project/CHARGE_BATTERY/Firmware/STM32/Control_LLC/App/LED" -I"D:/Github/Project/CHARGE_BATTERY/Firmware/STM32/Control_LLC/Scheduler" -I"D:/Github/Project/CHARGE_BATTERY/Firmware/STM32/Control_LLC/App/CMDLine/Include" -I"D:/Github/Project/CHARGE_BATTERY/Firmware/STM32/Control_LLC/BSP/SysTick" -I"D:/Github/Project/CHARGE_BATTERY/Firmware/STM32/Control_LLC/App/Common/Include" -I"D:/Github/Project/CHARGE_BATTERY/Firmware/STM32/Control_LLC/Middleware/Frequency_convert_pulse" -I"D:/Github/Project/CHARGE_BATTERY/Firmware/STM32/Control_LLC/BSP/I2C" -I"D:/Github/Project/CHARGE_BATTERY/Firmware/STM32/Control_LLC/Devices/ADS1115" -I"D:/Github/Project/CHARGE_BATTERY/Firmware/STM32/Control_LLC/BSP" -I"D:/Github/Project/CHARGE_BATTERY/Firmware/STM32/Control_LLC/Devices" -I"D:/Github/Project/CHARGE_BATTERY/Firmware/STM32/Control_LLC/Middleware/Voltage_convert_frequency" -I"D:/Github/Project/CHARGE_BATTERY/Firmware/STM32/Control_LLC/App/Data" -O0 -ffunction-sections -fdata-sections -Wall -fstack-usage -fcyclomatic-complexity -MMD -MP -MF"Middleware/Frequency_convert_pulse/Private/data_private.d" -MT"Middleware/Frequency_convert_pulse/Private/data_private.o" --specs=nano.specs -mfloat-abi=soft -mthumb -o "Middleware/Frequency_convert_pulse/Private/data_private.o"
arm-none-eabi-gcc "../Middleware/Frequency_convert_pulse/frequency_convert_pulse.c" -mcpu=cortex-m3 -std=gnu11 -g3 -DDEBUG -DSTM32F103xB -DUSE_FULL_LL_DRIVER -DHSE_VALUE=8000000 -DHSE_STARTUP_TIMEOUT=100 -DLSE_STARTUP_TIMEOUT=5000 -DLSE_VALUE=32768 -DHSI_VALUE=8000000 -DLSI_VALUE=40000 -DVDD_VALUE=3300 -DPREFETCH_ENABLE=1 -c -I../Core/Inc -I../Drivers/STM32F1xx_HAL_Driver/Inc -I../Drivers/CMSIS/Device/ST/STM32F1xx/Include -I../Drivers/CMSIS/Include -I"D:/Github/Project/CHARGE_BATTERY/Firmware/STM32/Control_LLC/BSP/UART" -I"D:/Github/Project/CHARGE_BATTERY/Firmware/STM32/Control_LLC/BSP/ADC" -I"D:/Github/Project/CHARGE_BATTERY/Firmware/STM32/Control_LLC/BSP/PWM" -I"D:/Github/Project/CHARGE_BATTERY/Firmware/STM32/Control_LLC/Middleware/PI_Control" -I"D:/Github/Project/CHARGE_BATTERY/Firmware/STM32/Control_LLC/App/Control" -I"D:/Github/Project/CHARGE_BATTERY/Firmware/STM32/Control_LLC/App/LED" -I"D:/Github/Project/CHARGE_BATTERY/Firmware/STM32/Control_LLC/Scheduler" -I"D:/Github/Project/CHARGE_BATTERY/Firmware/STM32/Control_LLC/App/CMDLine/Include" -I"D:/Github/Project/CHARGE_BATTERY/Firmware/STM32/Control_LLC/BSP/SysTick" -I"D:/Github/Project/CHARGE_BATTERY/Firmware/STM32/Control_LLC/App/Common/Include" -I"D:/Github/Project/CHARGE_BATTERY/Firmware/STM32/Control_LLC/Middleware/Frequency_convert_pulse" -I"D:/Github/Project/CHARGE_BATTERY/Firmware/STM32/Control_LLC/BSP/I2C" -I"D:/Github/Project/CHARGE_BATTERY/Firmware/STM32/Control_LLC/Devices/ADS1115" -I"D:/Github/Project/CHARGE_BATTERY/Firmware/STM32/Control_LLC/BSP" -I"D:/Github/Project/CHARGE_BATTERY/Firmware/STM32/Control_LLC/Devices" -I"D:/Github/Project/CHARGE_BATTERY/Firmware/STM32/Control_LLC/Middleware/Voltage_convert_frequency" -I"D:/Github/Project/CHARGE_BATTERY/Firmware/STM32/Control_LLC/App/Data" -O0 -ffunction-sections -fdata-sections -Wall -fstack-usage -fcyclomatic-complexity -MMD -MP -MF"Middleware/Frequency_convert_pulse/frequency_convert_pulse.d" -MT"Middleware/Frequency_convert_pulse/frequency_convert_pulse.o" --specs=nano.specs -mfloat-abi=soft -mthumb -o "Middleware/Frequency_convert_pulse/frequency_convert_pulse.o"
arm-none-eabi-gcc "../Drivers/STM32F1xx_HAL_Driver/Src/stm32f1xx_ll_adc.c" -mcpu=cortex-m3 -std=gnu11 -g3 -DDEBUG -DSTM32F103xB -DUSE_FULL_LL_DRIVER -DHSE_VALUE=8000000 -DHSE_STARTUP_TIMEOUT=100 -DLSE_STARTUP_TIMEOUT=5000 -DLSE_VALUE=32768 -DHSI_VALUE=8000000 -DLSI_VALUE=40000 -DVDD_VALUE=3300 -DPREFETCH_ENABLE=1 -c -I../Core/Inc -I../Drivers/STM32F1xx_HAL_Driver/Inc -I../Drivers/CMSIS/Device/ST/STM32F1xx/Include -I../Drivers/CMSIS/Include -I"D:/Github/Project/CHARGE_BATTERY/Firmware/STM32/Control_LLC/BSP/UART" -I"D:/Github/Project/CHARGE_BATTERY/Firmware/STM32/Control_LLC/BSP/ADC" -I"D:/Github/Project/CHARGE_BATTERY/Firmware/STM32/Control_LLC/BSP/PWM" -I"D:/Github/Project/CHARGE_BATTERY/Firmware/STM32/Control_LLC/Middleware/PI_Control" -I"D:/Github/Project/CHARGE_BATTERY/Firmware/STM32/Control_LLC/App/Control" -I"D:/Github/Project/CHARGE_BATTERY/Firmware/STM32/Control_LLC/App/LED" -I"D:/Github/Project/CHARGE_BATTERY/Firmware/STM32/Control_LLC/Scheduler" -I"D:/Github/Project/CHARGE_BATTERY/Firmware/STM32/Control_LLC/App/CMDLine/Include" -I"D:/Github/Project/CHARGE_BATTERY/Firmware/STM32/Control_LLC/BSP/SysTick" -I"D:/Github/Project/CHARGE_BATTERY/Firmware/STM32/Control_LLC/App/Common/Include" -I"D:/Github/Project/CHARGE_BATTERY/Firmware/STM32/Control_LLC/Middleware/Frequency_convert_pulse" -I"D:/Github/Project/CHARGE_BATTERY/Firmware/STM32/Control_LLC/BSP/I2C" -I"D:/Github/Project/CHARGE_BATTERY/Firmware/STM32/Control_LLC/Devices/ADS1115" -I"D:/Github/Project/CHARGE_BATTERY/Firmware/STM32/Control_LLC/BSP" -I"D:/Github/Project/CHARGE_BATTERY/Firmware/STM32/Control_LLC/Devices" -I"D:/Github/Project/CHARGE_BATTERY/Firmware/STM32/Control_LLC/Middleware/Voltage_convert_frequency" -I"D:/Github/Project/CHARGE_BATTERY/Firmware/STM32/Control_LLC/App/Data" -O0 -ffunction-sections -fdata-sections -Wall -fstack-usage -fcyclomatic-complexity -MMD -MP -MF"Drivers/STM32F1xx_HAL_Driver/Src/stm32f1xx_ll_adc.d" -MT"Drivers/STM32F1xx_HAL_Driver/Src/stm32f1xx_ll_adc.o" --specs=nano.specs -mfloat-abi=soft -mthumb -o "Drivers/STM32F1xx_HAL_Driver/Src/stm32f1xx_ll_adc.o"
arm-none-eabi-gcc "../Drivers/STM32F1xx_HAL_Driver/Src/stm32f1xx_ll_dma.c" -mcpu=cortex-m3 -std=gnu11 -g3 -DDEBUG -DSTM32F103xB -DUSE_FULL_LL_DRIVER -DHSE_VALUE=8000000 -DHSE_STARTUP_TIMEOUT=100 -DLSE_STARTUP_TIMEOUT=5000 -DLSE_VALUE=32768 -DHSI_VALUE=8000000 -DLSI_VALUE=40000 -DVDD_VALUE=3300 -DPREFETCH_ENABLE=1 -c -I../Core/Inc -I../Drivers/STM32F1xx_HAL_Driver/Inc -I../Drivers/CMSIS/Device/ST/STM32F1xx/Include -I../Drivers/CMSIS/Include -I"D:/Github/Project/CHARGE_BATTERY/Firmware/STM32/Control_LLC/BSP/UART" -I"D:/Github/Project/CHARGE_BATTERY/Firmware/STM32/Control_LLC/BSP/ADC" -I"D:/Github/Project/CHARGE_BATTERY/Firmware/STM32/Control_LLC/BSP/PWM" -I"D:/Github/Project/CHARGE_BATTERY/Firmware/STM32/Control_LLC/Middleware/PI_Control" -I"D:/Github/Project/CHARGE_BATTERY/Firmware/STM32/Control_LLC/App/Control" -I"D:/Github/Project/CHARGE_BATTERY/Firmware/STM32/Control_LLC/App/LED" -I"D:/Github/Project/CHARGE_BATTERY/Firmware/STM32/Control_LLC/Scheduler" -I"D:/Github/Project/CHARGE_BATTERY/Firmware/STM32/Control_LLC/App/CMDLine/Include" -I"D:/Github/Project/CHARGE_BATTERY/Firmware/STM32/Control_LLC/BSP/SysTick" -I"D:/Github/Project/CHARGE_BATTERY/Firmware/STM32/Control_LLC/App/Common/Include" -I"D:/Github/Project/CHARGE_BATTERY/Firmware/STM32/Control_LLC/Middleware/Frequency_convert_pulse" -I"D:/Github/Project/CHARGE_BATTERY/Firmware/STM32/Control_LLC/BSP/I2C" -I"D:/Github/Project/CHARGE_BATTERY/Firmware/STM32/Control_LLC/Devices/ADS1115" -I"D:/Github/Project/CHARGE_BATTERY/Firmware/STM32/Control_LLC/BSP" -I"D:/Github/Project/CHARGE_BATTERY/Firmware/STM32/Control_LLC/Devices" -I"D:/Github/Project/CHARGE_BATTERY/Firmware/STM32/Control_LLC/Middleware/Voltage_convert_frequency" -I"D:/Github/Project/CHARGE_BATTERY/Firmware/STM32/Control_LLC/App/Data" -O0 -ffunction-sections -fdata-sections -Wall -fstack-usage -fcyclomatic-complexity -MMD -MP -MF"Drivers/STM32F1xx_HAL_Driver/Src/stm32f1xx_ll_dma.d" -MT"Drivers/STM32F1xx_HAL_Driver/Src/stm32f1xx_ll_dma.o" --specs=nano.specs -mfloat-abi=soft -mthumb -o "Drivers/STM32F1xx_HAL_Driver/Src/stm32f1xx_ll_dma.o"
arm-none-eabi-gcc "../Drivers/STM32F1xx_HAL_Driver/Src/stm32f1xx_ll_exti.c" -mcpu=cortex-m3 -std=gnu11 -g3 -DDEBUG -DSTM32F103xB -DUSE_FULL_LL_DRIVER -DHSE_VALUE=8000000 -DHSE_STARTUP_TIMEOUT=100 -DLSE_STARTUP_TIMEOUT=5000 -DLSE_VALUE=32768 -DHSI_VALUE=8000000 -DLSI_VALUE=40000 -DVDD_VALUE=3300 -DPREFETCH_ENABLE=1 -c -I../Core/Inc -I../Drivers/STM32F1xx_HAL_Driver/Inc -I../Drivers/CMSIS/Device/ST/STM32F1xx/Include -I../Drivers/CMSIS/Include -I"D:/Github/Project/CHARGE_BATTERY/Firmware/STM32/Control_LLC/BSP/UART" -I"D:/Github/Project/CHARGE_BATTERY/Firmware/STM32/Control_LLC/BSP/ADC" -I"D:/Github/Project/CHARGE_BATTERY/Firmware/STM32/Control_LLC/BSP/PWM" -I"D:/Github/Project/CHARGE_BATTERY/Firmware/STM32/Control_LLC/Middleware/PI_Control" -I"D:/Github/Project/CHARGE_BATTERY/Firmware/STM32/Control_LLC/App/Control" -I"D:/Github/Project/CHARGE_BATTERY/Firmware/STM32/Control_LLC/App/LED" -I"D:/Github/Project/CHARGE_BATTERY/Firmware/STM32/Control_LLC/Scheduler" -I"D:/Github/Project/CHARGE_BATTERY/Firmware/STM32/Control_LLC/App/CMDLine/Include" -I"D:/Github/Project/CHARGE_BATTERY/Firmware/STM32/Control_LLC/BSP/SysTick" -I"D:/Github/Project/CHARGE_BATTERY/Firmware/STM32/Control_LLC/App/Common/Include" -I"D:/Github/Project/CHARGE_BATTERY/Firmware/STM32/Control_LLC/Middleware/Frequency_convert_pulse" -I"D:/Github/Project/CHARGE_BATTERY/Firmware/STM32/Control_LLC/BSP/I2C" -I"D:/Github/Project/CHARGE_BATTERY/Firmware/STM32/Control_LLC/Devices/ADS1115" -I"D:/Github/Project/CHARGE_BATTERY/Firmware/STM32/Control_LLC/BSP" -I"D:/Github/Project/CHARGE_BATTERY/Firmware/STM32/Control_LLC/Devices" -I"D:/Github/Project/CHARGE_BATTERY/Firmware/STM32/Control_LLC/Middleware/Voltage_convert_frequency" -I"D:/Github/Project/CHARGE_BATTERY/Firmware/STM32/Control_LLC/App/Data" -O0 -ffunction-sections -fdata-sections -Wall -fstack-usage -fcyclomatic-complexity -MMD -MP -MF"Drivers/STM32F1xx_HAL_Driver/Src/stm32f1xx_ll_exti.d" -MT"Drivers/STM32F1xx_HAL_Driver/Src/stm32f1xx_ll_exti.o" --specs=nano.specs -mfloat-abi=soft -mthumb -o "Drivers/STM32F1xx_HAL_Driver/Src/stm32f1xx_ll_exti.o"
arm-none-eabi-gcc "../Drivers/STM32F1xx_HAL_Driver/Src/stm32f1xx_ll_gpio.c" -mcpu=cortex-m3 -std=gnu11 -g3 -DDEBUG -DSTM32F103xB -DUSE_FULL_LL_DRIVER -DHSE_VALUE=8000000 -DHSE_STARTUP_TIMEOUT=100 -DLSE_STARTUP_TIMEOUT=5000 -DLSE_VALUE=32768 -DHSI_VALUE=8000000 -DLSI_VALUE=40000 -DVDD_VALUE=3300 -DPREFETCH_ENABLE=1 -c -I../Core/Inc -I../Drivers/STM32F1xx_HAL_Driver/Inc -I../Drivers/CMSIS/Device/ST/STM32F1xx/Include -I../Drivers/CMSIS/Include -I"D:/Github/Project/CHARGE_BATTERY/Firmware/STM32/Control_LLC/BSP/UART" -I"D:/Github/Project/CHARGE_BATTERY/Firmware/STM32/Control_LLC/BSP/ADC" -I"D:/Github/Project/CHARGE_BATTERY/Firmware/STM32/Control_LLC/BSP/PWM" -I"D:/Github/Project/CHARGE_BATTERY/Firmware/STM32/Control_LLC/Middleware/PI_Control" -I"D:/Github/Project/CHARGE_BATTERY/Firmware/STM32/Control_LLC/App/Control" -I"D:/Github/Project/CHARGE_BATTERY/Firmware/STM32/Control_LLC/App/LED" -I"D:/Github/Project/CHARGE_BATTERY/Firmware/STM32/Control_LLC/Scheduler" -I"D:/Github/Project/CHARGE_BATTERY/Firmware/STM32/Control_LLC/App/CMDLine/Include" -I"D:/Github/Project/CHARGE_BATTERY/Firmware/STM32/Control_LLC/BSP/SysTick" -I"D:/Github/Project/CHARGE_BATTERY/Firmware/STM32/Control_LLC/App/Common/Include" -I"D:/Github/Project/CHARGE_BATTERY/Firmware/STM32/Control_LLC/Middleware/Frequency_convert_pulse" -I"D:/Github/Project/CHARGE_BATTERY/Firmware/STM32/Control_LLC/BSP/I2C" -I"D:/Github/Project/CHARGE_BATTERY/Firmware/STM32/Control_LLC/Devices/ADS1115" -I"D:/Github/Project/CHARGE_BATTERY/Firmware/STM32/Control_LLC/BSP" -I"D:/Github/Project/CHARGE_BATTERY/Firmware/STM32/Control_LLC/Devices" -I"D:/Github/Project/CHARGE_BATTERY/Firmware/STM32/Control_LLC/Middleware/Voltage_convert_frequency" -I"D:/Github/Project/CHARGE_BATTERY/Firmware/STM32/Control_LLC/App/Data" -O0 -ffunction-sections -fdata-sections -Wall -fstack-usage -fcyclomatic-complexity -MMD -MP -MF"Drivers/STM32F1xx_HAL_Driver/Src/stm32f1xx_ll_gpio.d" -MT"Drivers/STM32F1xx_HAL_Driver/Src/stm32f1xx_ll_gpio.o" --specs=nano.specs -mfloat-abi=soft -mthumb -o "Drivers/STM32F1xx_HAL_Driver/Src/stm32f1xx_ll_gpio.o"
arm-none-eabi-gcc "../Drivers/STM32F1xx_HAL_Driver/Src/stm32f1xx_ll_i2c.c" -mcpu=cortex-m3 -std=gnu11 -g3 -DDEBUG -DSTM32F103xB -DUSE_FULL_LL_DRIVER -DHSE_VALUE=8000000 -DHSE_STARTUP_TIMEOUT=100 -DLSE_STARTUP_TIMEOUT=5000 -DLSE_VALUE=32768 -DHSI_VALUE=8000000 -DLSI_VALUE=40000 -DVDD_VALUE=3300 -DPREFETCH_ENABLE=1 -c -I../Core/Inc -I../Drivers/STM32F1xx_HAL_Driver/Inc -I../Drivers/CMSIS/Device/ST/STM32F1xx/Include -I../Drivers/CMSIS/Include -I"D:/Github/Project/CHARGE_BATTERY/Firmware/STM32/Control_LLC/BSP/UART" -I"D:/Github/Project/CHARGE_BATTERY/Firmware/STM32/Control_LLC/BSP/ADC" -I"D:/Github/Project/CHARGE_BATTERY/Firmware/STM32/Control_LLC/BSP/PWM" -I"D:/Github/Project/CHARGE_BATTERY/Firmware/STM32/Control_LLC/Middleware/PI_Control" -I"D:/Github/Project/CHARGE_BATTERY/Firmware/STM32/Control_LLC/App/Control" -I"D:/Github/Project/CHARGE_BATTERY/Firmware/STM32/Control_LLC/App/LED" -I"D:/Github/Project/CHARGE_BATTERY/Firmware/STM32/Control_LLC/Scheduler" -I"D:/Github/Project/CHARGE_BATTERY/Firmware/STM32/Control_LLC/App/CMDLine/Include" -I"D:/Github/Project/CHARGE_BATTERY/Firmware/STM32/Control_LLC/BSP/SysTick" -I"D:/Github/Project/CHARGE_BATTERY/Firmware/STM32/Control_LLC/App/Common/Include" -I"D:/Github/Project/CHARGE_BATTERY/Firmware/STM32/Control_LLC/Middleware/Frequency_convert_pulse" -I"D:/Github/Project/CHARGE_BATTERY/Firmware/STM32/Control_LLC/BSP/I2C" -I"D:/Github/Project/CHARGE_BATTERY/Firmware/STM32/Control_LLC/Devices/ADS1115" -I"D:/Github/Project/CHARGE_BATTERY/Firmware/STM32/Control_LLC/BSP" -I"D:/Github/Project/CHARGE_BATTERY/Firmware/STM32/Control_LLC/Devices" -I"D:/Github/Project/CHARGE_BATTERY/Firmware/STM32/Control_LLC/Middleware/Voltage_convert_frequency" -I"D:/Github/Project/CHARGE_BATTERY/Firmware/STM32/Control_LLC/App/Data" -O0 -ffunction-sections -fdata-sections -Wall -fstack-usage -fcyclomatic-complexity -MMD -MP -MF"Drivers/STM32F1xx_HAL_Driver/Src/stm32f1xx_ll_i2c.d" -MT"Drivers/STM32F1xx_HAL_Driver/Src/stm32f1xx_ll_i2c.o" --specs=nano.specs -mfloat-abi=soft -mthumb -o "Drivers/STM32F1xx_HAL_Driver/Src/stm32f1xx_ll_i2c.o"
arm-none-eabi-gcc "../Drivers/STM32F1xx_HAL_Driver/Src/stm32f1xx_ll_pwr.c" -mcpu=cortex-m3 -std=gnu11 -g3 -DDEBUG -DSTM32F103xB -DUSE_FULL_LL_DRIVER -DHSE_VALUE=8000000 -DHSE_STARTUP_TIMEOUT=100 -DLSE_STARTUP_TIMEOUT=5000 -DLSE_VALUE=32768 -DHSI_VALUE=8000000 -DLSI_VALUE=40000 -DVDD_VALUE=3300 -DPREFETCH_ENABLE=1 -c -I../Core/Inc -I../Drivers/STM32F1xx_HAL_Driver/Inc -I../Drivers/CMSIS/Device/ST/STM32F1xx/Include -I../Drivers/CMSIS/Include -I"D:/Github/Project/CHARGE_BATTERY/Firmware/STM32/Control_LLC/BSP/UART" -I"D:/Github/Project/CHARGE_BATTERY/Firmware/STM32/Control_LLC/BSP/ADC" -I"D:/Github/Project/CHARGE_BATTERY/Firmware/STM32/Control_LLC/BSP/PWM" -I"D:/Github/Project/CHARGE_BATTERY/Firmware/STM32/Control_LLC/Middleware/PI_Control" -I"D:/Github/Project/CHARGE_BATTERY/Firmware/STM32/Control_LLC/App/Control" -I"D:/Github/Project/CHARGE_BATTERY/Firmware/STM32/Control_LLC/App/LED" -I"D:/Github/Project/CHARGE_BATTERY/Firmware/STM32/Control_LLC/Scheduler" -I"D:/Github/Project/CHARGE_BATTERY/Firmware/STM32/Control_LLC/App/CMDLine/Include" -I"D:/Github/Project/CHARGE_BATTERY/Firmware/STM32/Control_LLC/BSP/SysTick" -I"D:/Github/Project/CHARGE_BATTERY/Firmware/STM32/Control_LLC/App/Common/Include" -I"D:/Github/Project/CHARGE_BATTERY/Firmware/STM32/Control_LLC/Middleware/Frequency_convert_pulse" -I"D:/Github/Project/CHARGE_BATTERY/Firmware/STM32/Control_LLC/BSP/I2C" -I"D:/Github/Project/CHARGE_BATTERY/Firmware/STM32/Control_LLC/Devices/ADS1115" -I"D:/Github/Project/CHARGE_BATTERY/Firmware/STM32/Control_LLC/BSP" -I"D:/Github/Project/CHARGE_BATTERY/Firmware/STM32/Control_LLC/Devices" -I"D:/Github/Project/CHARGE_BATTERY/Firmware/STM32/Control_LLC/Middleware/Voltage_convert_frequency" -I"D:/Github/Project/CHARGE_BATTERY/Firmware/STM32/Control_LLC/App/Data" -O0 -ffunction-sections -fdata-sections -Wall -fstack-usage -fcyclomatic-complexity -MMD -MP -MF"Drivers/STM32F1xx_HAL_Driver/Src/stm32f1xx_ll_pwr.d" -MT"Drivers/STM32F1xx_HAL_Driver/Src/stm32f1xx_ll_pwr.o" --specs=nano.specs -mfloat-abi=soft -mthumb -o "Drivers/STM32F1xx_HAL_Driver/Src/stm32f1xx_ll_pwr.o"
arm-none-eabi-gcc "../Drivers/STM32F1xx_HAL_Driver/Src/stm32f1xx_ll_rcc.c" -mcpu=cortex-m3 -std=gnu11 -g3 -DDEBUG -DSTM32F103xB -DUSE_FULL_LL_DRIVER -DHSE_VALUE=8000000 -DHSE_STARTUP_TIMEOUT=100 -DLSE_STARTUP_TIMEOUT=5000 -DLSE_VALUE=32768 -DHSI_VALUE=8000000 -DLSI_VALUE=40000 -DVDD_VALUE=3300 -DPREFETCH_ENABLE=1 -c -I../Core/Inc -I../Drivers/STM32F1xx_HAL_Driver/Inc -I../Drivers/CMSIS/Device/ST/STM32F1xx/Include -I../Drivers/CMSIS/Include -I"D:/Github/Project/CHARGE_BATTERY/Firmware/STM32/Control_LLC/BSP/UART" -I"D:/Github/Project/CHARGE_BATTERY/Firmware/STM32/Control_LLC/BSP/ADC" -I"D:/Github/Project/CHARGE_BATTERY/Firmware/STM32/Control_LLC/BSP/PWM" -I"D:/Github/Project/CHARGE_BATTERY/Firmware/STM32/Control_LLC/Middleware/PI_Control" -I"D:/Github/Project/CHARGE_BATTERY/Firmware/STM32/Control_LLC/App/Control" -I"D:/Github/Project/CHARGE_BATTERY/Firmware/STM32/Control_LLC/App/LED" -I"D:/Github/Project/CHARGE_BATTERY/Firmware/STM32/Control_LLC/Scheduler" -I"D:/Github/Project/CHARGE_BATTERY/Firmware/STM32/Control_LLC/App/CMDLine/Include" -I"D:/Github/Project/CHARGE_BATTERY/Firmware/STM32/Control_LLC/BSP/SysTick" -I"D:/Github/Project/CHARGE_BATTERY/Firmware/STM32/Control_LLC/App/Common/Include" -I"D:/Github/Project/CHARGE_BATTERY/Firmware/STM32/Control_LLC/Middleware/Frequency_convert_pulse" -I"D:/Github/Project/CHARGE_BATTERY/Firmware/STM32/Control_LLC/BSP/I2C" -I"D:/Github/Project/CHARGE_BATTERY/Firmware/STM32/Control_LLC/Devices/ADS1115" -I"D:/Github/Project/CHARGE_BATTERY/Firmware/STM32/Control_LLC/BSP" -I"D:/Github/Project/CHARGE_BATTERY/Firmware/STM32/Control_LLC/Devices" -I"D:/Github/Project/CHARGE_BATTERY/Firmware/STM32/Control_LLC/Middleware/Voltage_convert_frequency" -I"D:/Github/Project/CHARGE_BATTERY/Firmware/STM32/Control_LLC/App/Data" -O0 -ffunction-sections -fdata-sections -Wall -fstack-usage -fcyclomatic-complexity -MMD -MP -MF"Drivers/STM32F1xx_HAL_Driver/Src/stm32f1xx_ll_rcc.d" -MT"Drivers/STM32F1xx_HAL_Driver/Src/stm32f1xx_ll_rcc.o" --specs=nano.specs -mfloat-abi=soft -mthumb -o "Drivers/STM32F1xx_HAL_Driver/Src/stm32f1xx_ll_rcc.o"
arm-none-eabi-gcc "../Drivers/STM32F1xx_HAL_Driver/Src/stm32f1xx_ll_tim.c" -mcpu=cortex-m3 -std=gnu11 -g3 -DDEBUG -DSTM32F103xB -DUSE_FULL_LL_DRIVER -DHSE_VALUE=8000000 -DHSE_STARTUP_TIMEOUT=100 -DLSE_STARTUP_TIMEOUT=5000 -DLSE_VALUE=32768 -DHSI_VALUE=8000000 -DLSI_VALUE=40000 -DVDD_VALUE=3300 -DPREFETCH_ENABLE=1 -c -I../Core/Inc -I../Drivers/STM32F1xx_HAL_Driver/Inc -I../Drivers/CMSIS/Device/ST/STM32F1xx/Include -I../Drivers/CMSIS/Include -I"D:/Github/Project/CHARGE_BATTERY/Firmware/STM32/Control_LLC/BSP/UART" -I"D:/Github/Project/CHARGE_BATTERY/Firmware/STM32/Control_LLC/BSP/ADC" -I"D:/Github/Project/CHARGE_BATTERY/Firmware/STM32/Control_LLC/BSP/PWM" -I"D:/Github/Project/CHARGE_BATTERY/Firmware/STM32/Control_LLC/Middleware/PI_Control" -I"D:/Github/Project/CHARGE_BATTERY/Firmware/STM32/Control_LLC/App/Control" -I"D:/Github/Project/CHARGE_BATTERY/Firmware/STM32/Control_LLC/App/LED" -I"D:/Github/Project/CHARGE_BATTERY/Firmware/STM32/Control_LLC/Scheduler" -I"D:/Github/Project/CHARGE_BATTERY/Firmware/STM32/Control_LLC/App/CMDLine/Include" -I"D:/Github/Project/CHARGE_BATTERY/Firmware/STM32/Control_LLC/BSP/SysTick" -I"D:/Github/Project/CHARGE_BATTERY/Firmware/STM32/Control_LLC/App/Common/Include" -I"D:/Github/Project/CHARGE_BATTERY/Firmware/STM32/Control_LLC/Middleware/Frequency_convert_pulse" -I"D:/Github/Project/CHARGE_BATTERY/Firmware/STM32/Control_LLC/BSP/I2C" -I"D:/Github/Project/CHARGE_BATTERY/Firmware/STM32/Control_LLC/Devices/ADS1115" -I"D:/Github/Project/CHARGE_BATTERY/Firmware/STM32/Control_LLC/BSP" -I"D:/Github/Project/CHARGE_BATTERY/Firmware/STM32/Control_LLC/Devices" -I"D:/Github/Project/CHARGE_BATTERY/Firmware/STM32/Control_LLC/Middleware/Voltage_convert_frequency" -I"D:/Github/Project/CHARGE_BATTERY/Firmware/STM32/Control_LLC/App/Data" -O0 -ffunction-sections -fdata-sections -Wall -fstack-usage -fcyclomatic-complexity -MMD -MP -MF"Drivers/STM32F1xx_HAL_Driver/Src/stm32f1xx_ll_tim.d" -MT"Drivers/STM32F1xx_HAL_Driver/Src/stm32f1xx_ll_tim.o" --specs=nano.specs -mfloat-abi=soft -mthumb -o "Drivers/STM32F1xx_HAL_Driver/Src/stm32f1xx_ll_tim.o"
arm-none-eabi-gcc "../Drivers/STM32F1xx_HAL_Driver/Src/stm32f1xx_ll_usart.c" -mcpu=cortex-m3 -std=gnu11 -g3 -DDEBUG -DSTM32F103xB -DUSE_FULL_LL_DRIVER -DHSE_VALUE=8000000 -DHSE_STARTUP_TIMEOUT=100 -DLSE_STARTUP_TIMEOUT=5000 -DLSE_VALUE=32768 -DHSI_VALUE=8000000 -DLSI_VALUE=40000 -DVDD_VALUE=3300 -DPREFETCH_ENABLE=1 -c -I../Core/Inc -I../Drivers/STM32F1xx_HAL_Driver/Inc -I../Drivers/CMSIS/Device/ST/STM32F1xx/Include -I../Drivers/CMSIS/Include -I"D:/Github/Project/CHARGE_BATTERY/Firmware/STM32/Control_LLC/BSP/UART" -I"D:/Github/Project/CHARGE_BATTERY/Firmware/STM32/Control_LLC/BSP/ADC" -I"D:/Github/Project/CHARGE_BATTERY/Firmware/STM32/Control_LLC/BSP/PWM" -I"D:/Github/Project/CHARGE_BATTERY/Firmware/STM32/Control_LLC/Middleware/PI_Control" -I"D:/Github/Project/CHARGE_BATTERY/Firmware/STM32/Control_LLC/App/Control" -I"D:/Github/Project/CHARGE_BATTERY/Firmware/STM32/Control_LLC/App/LED" -I"D:/Github/Project/CHARGE_BATTERY/Firmware/STM32/Control_LLC/Scheduler" -I"D:/Github/Project/CHARGE_BATTERY/Firmware/STM32/Control_LLC/App/CMDLine/Include" -I"D:/Github/Project/CHARGE_BATTERY/Firmware/STM32/Control_LLC/BSP/SysTick" -I"D:/Github/Project/CHARGE_BATTERY/Firmware/STM32/Control_LLC/App/Common/Include" -I"D:/Github/Project/CHARGE_BATTERY/Firmware/STM32/Control_LLC/Middleware/Frequency_convert_pulse" -I"D:/Github/Project/CHARGE_BATTERY/Firmware/STM32/Control_LLC/BSP/I2C" -I"D:/Github/Project/CHARGE_BATTERY/Firmware/STM32/Control_LLC/Devices/ADS1115" -I"D:/Github/Project/CHARGE_BATTERY/Firmware/STM32/Control_LLC/BSP" -I"D:/Github/Project/CHARGE_BATTERY/Firmware/STM32/Control_LLC/Devices" -I"D:/Github/Project/CHARGE_BATTERY/Firmware/STM32/Control_LLC/Middleware/Voltage_convert_frequency" -I"D:/Github/Project/CHARGE_BATTERY/Firmware/STM32/Control_LLC/App/Data" -O0 -ffunction-sections -fdata-sections -Wall -fstack-usage -fcyclomatic-complexity -MMD -MP -MF"Drivers/STM32F1xx_HAL_Driver/Src/stm32f1xx_ll_usart.d" -MT"Drivers/STM32F1xx_HAL_Driver/Src/stm32f1xx_ll_usart.o" --specs=nano.specs -mfloat-abi=soft -mthumb -o "Drivers/STM32F1xx_HAL_Driver/Src/stm32f1xx_ll_usart.o"
arm-none-eabi-gcc "../Drivers/STM32F1xx_HAL_Driver/Src/stm32f1xx_ll_utils.c" -mcpu=cortex-m3 -std=gnu11 -g3 -DDEBUG -DSTM32F103xB -DUSE_FULL_LL_DRIVER -DHSE_VALUE=8000000 -DHSE_STARTUP_TIMEOUT=100 -DLSE_STARTUP_TIMEOUT=5000 -DLSE_VALUE=32768 -DHSI_VALUE=8000000 -DLSI_VALUE=40000 -DVDD_VALUE=3300 -DPREFETCH_ENABLE=1 -c -I../Core/Inc -I../Drivers/STM32F1xx_HAL_Driver/Inc -I../Drivers/CMSIS/Device/ST/STM32F1xx/Include -I../Drivers/CMSIS/Include -I"D:/Github/Project/CHARGE_BATTERY/Firmware/STM32/Control_LLC/BSP/UART" -I"D:/Github/Project/CHARGE_BATTERY/Firmware/STM32/Control_LLC/BSP/ADC" -I"D:/Github/Project/CHARGE_BATTERY/Firmware/STM32/Control_LLC/BSP/PWM" -I"D:/Github/Project/CHARGE_BATTERY/Firmware/STM32/Control_LLC/Middleware/PI_Control" -I"D:/Github/Project/CHARGE_BATTERY/Firmware/STM32/Control_LLC/App/Control" -I"D:/Github/Project/CHARGE_BATTERY/Firmware/STM32/Control_LLC/App/LED" -I"D:/Github/Project/CHARGE_BATTERY/Firmware/STM32/Control_LLC/Scheduler" -I"D:/Github/Project/CHARGE_BATTERY/Firmware/STM32/Control_LLC/App/CMDLine/Include" -I"D:/Github/Project/CHARGE_BATTERY/Firmware/STM32/Control_LLC/BSP/SysTick" -I"D:/Github/Project/CHARGE_BATTERY/Firmware/STM32/Control_LLC/App/Common/Include" -I"D:/Github/Project/CHARGE_BATTERY/Firmware/STM32/Control_LLC/Middleware/Frequency_convert_pulse" -I"D:/Github/Project/CHARGE_BATTERY/Firmware/STM32/Control_LLC/BSP/I2C" -I"D:/Github/Project/CHARGE_BATTERY/Firmware/STM32/Control_LLC/Devices/ADS1115" -I"D:/Github/Project/CHARGE_BATTERY/Firmware/STM32/Control_LLC/BSP" -I"D:/Github/Project/CHARGE_BATTERY/Firmware/STM32/Control_LLC/Devices" -I"D:/Github/Project/CHARGE_BATTERY/Firmware/STM32/Control_LLC/Middleware/Voltage_convert_frequency" -I"D:/Github/Project/CHARGE_BATTERY/Firmware/STM32/Control_LLC/App/Data" -O0 -ffunction-sections -fdata-sections -Wall -fstack-usage -fcyclomatic-complexity -MMD -MP -MF"Drivers/STM32F1xx_HAL_Driver/Src/stm32f1xx_ll_utils.d" -MT"Drivers/STM32F1xx_HAL_Driver/Src/stm32f1xx_ll_utils.o" --specs=nano.specs -mfloat-abi=soft -mthumb -o "Drivers/STM32F1xx_HAL_Driver/Src/stm32f1xx_ll_utils.o"
arm-none-eabi-gcc "../Devices/ADS1115/ads1115.c" -mcpu=cortex-m3 -std=gnu11 -g3 -DDEBUG -DSTM32F103xB -DUSE_FULL_LL_DRIVER -DHSE_VALUE=8000000 -DHSE_STARTUP_TIMEOUT=100 -DLSE_STARTUP_TIMEOUT=5000 -DLSE_VALUE=32768 -DHSI_VALUE=8000000 -DLSI_VALUE=40000 -DVDD_VALUE=3300 -DPREFETCH_ENABLE=1 -c -I../Core/Inc -I../Drivers/STM32F1xx_HAL_Driver/Inc -I../Drivers/CMSIS/Device/ST/STM32F1xx/Include -I../Drivers/CMSIS/Include -I"D:/Github/Project/CHARGE_BATTERY/Firmware/STM32/Control_LLC/BSP/UART" -I"D:/Github/Project/CHARGE_BATTERY/Firmware/STM32/Control_LLC/BSP/ADC" -I"D:/Github/Project/CHARGE_BATTERY/Firmware/STM32/Control_LLC/BSP/PWM" -I"D:/Github/Project/CHARGE_BATTERY/Firmware/STM32/Control_LLC/Middleware/PI_Control" -I"D:/Github/Project/CHARGE_BATTERY/Firmware/STM32/Control_LLC/App/Control" -I"D:/Github/Project/CHARGE_BATTERY/Firmware/STM32/Control_LLC/App/LED" -I"D:/Github/Project/CHARGE_BATTERY/Firmware/STM32/Control_LLC/Scheduler" -I"D:/Github/Project/CHARGE_BATTERY/Firmware/STM32/Control_LLC/App/CMDLine/Include" -I"D:/Github/Project/CHARGE_BATTERY/Firmware/STM32/Control_LLC/BSP/SysTick" -I"D:/Github/Project/CHARGE_BATTERY/Firmware/STM32/Control_LLC/App/Common/Include" -I"D:/Github/Project/CHARGE_BATTERY/Firmware/STM32/Control_LLC/Middleware/Frequency_convert_pulse" -I"D:/Github/Project/CHARGE_BATTERY/Firmware/STM32/Control_LLC/BSP/I2C" -I"D:/Github/Project/CHARGE_BATTERY/Firmware/STM32/Control_LLC/Devices/ADS1115" -I"D:/Github/Project/CHARGE_BATTERY/Firmware/STM32/Control_LLC/BSP" -I"D:/Github/Project/CHARGE_BATTERY/Firmware/STM32/Control_LLC/Devices" -I"D:/Github/Project/CHARGE_BATTERY/Firmware/STM32/Control_LLC/Middleware/Voltage_convert_frequency" -I"D:/Github/Project/CHARGE_BATTERY/Firmware/STM32/Control_LLC/App/Data" -O0 -ffunction-sections -fdata-sections -Wall -fstack-usage -fcyclomatic-complexity -MMD -MP -MF"Devices/ADS1115/ads1115.d" -MT"Devices/ADS1115/ads1115.o" --specs=nano.specs -mfloat-abi=soft -mthumb -o "Devices/ADS1115/ads1115.o"
arm-none-eabi-gcc -mcpu=cortex-m3 -g3 -DDEBUG -c -x assembler-with-cpp -MMD -MP -MF"Core/Startup/startup_stm32f103c8tx.d" -MT"Core/Startup/startup_stm32f103c8tx.o" --specs=nano.specs -mfloat-abi=soft -mthumb -o "Core/Startup/startup_stm32f103c8tx.o" "../Core/Startup/startup_stm32f103c8tx.s"
arm-none-eabi-gcc "../Core/Src/main.c" -mcpu=cortex-m3 -std=gnu11 -g3 -DDEBUG -DSTM32F103xB -DUSE_FULL_LL_DRIVER -DHSE_VALUE=8000000 -DHSE_STARTUP_TIMEOUT=100 -DLSE_STARTUP_TIMEOUT=5000 -DLSE_VALUE=32768 -DHSI_VALUE=8000000 -DLSI_VALUE=40000 -DVDD_VALUE=3300 -DPREFETCH_ENABLE=1 -c -I../Core/Inc -I../Drivers/STM32F1xx_HAL_Driver/Inc -I../Drivers/CMSIS/Device/ST/STM32F1xx/Include -I../Drivers/CMSIS/Include -I"D:/Github/Project/CHARGE_BATTERY/Firmware/STM32/Control_LLC/BSP/UART" -I"D:/Github/Project/CHARGE_BATTERY/Firmware/STM32/Control_LLC/BSP/ADC" -I"D:/Github/Project/CHARGE_BATTERY/Firmware/STM32/Control_LLC/BSP/PWM" -I"D:/Github/Project/CHARGE_BATTERY/Firmware/STM32/Control_LLC/Middleware/PI_Control" -I"D:/Github/Project/CHARGE_BATTERY/Firmware/STM32/Control_LLC/App/Control" -I"D:/Github/Project/CHARGE_BATTERY/Firmware/STM32/Control_LLC/App/LED" -I"D:/Github/Project/CHARGE_BATTERY/Firmware/STM32/Control_LLC/Scheduler" -I"D:/Github/Project/CHARGE_BATTERY/Firmware/STM32/Control_LLC/App/CMDLine/Include" -I"D:/Github/Project/CHARGE_BATTERY/Firmware/STM32/Control_LLC/BSP/SysTick" -I"D:/Github/Project/CHARGE_BATTERY/Firmware/STM32/Control_LLC/App/Common/Include" -I"D:/Github/Project/CHARGE_BATTERY/Firmware/STM32/Control_LLC/Middleware/Frequency_convert_pulse" -I"D:/Github/Project/CHARGE_BATTERY/Firmware/STM32/Control_LLC/BSP/I2C" -I"D:/Github/Project/CHARGE_BATTERY/Firmware/STM32/Control_LLC/Devices/ADS1115" -I"D:/Github/Project/CHARGE_BATTERY/Firmware/STM32/Control_LLC/BSP" -I"D:/Github/Project/CHARGE_BATTERY/Firmware/STM32/Control_LLC/Devices" -I"D:/Github/Project/CHARGE_BATTERY/Firmware/STM32/Control_LLC/Middleware/Voltage_convert_frequency" -I"D:/Github/Project/CHARGE_BATTERY/Firmware/STM32/Control_LLC/App/Data" -O0 -ffunction-sections -fdata-sections -Wall -fstack-usage -fcyclomatic-complexity -MMD -MP -MF"Core/Src/main.d" -MT"Core/Src/main.o" --specs=nano.specs -mfloat-abi=soft -mthumb -o "Core/Src/main.o"
arm-none-eabi-gcc "../Core/Src/stm32f1xx_it.c" -mcpu=cortex-m3 -std=gnu11 -g3 -DDEBUG -DSTM32F103xB -DUSE_FULL_LL_DRIVER -DHSE_VALUE=8000000 -DHSE_STARTUP_TIMEOUT=100 -DLSE_STARTUP_TIMEOUT=5000 -DLSE_VALUE=32768 -DHSI_VALUE=8000000 -DLSI_VALUE=40000 -DVDD_VALUE=3300 -DPREFETCH_ENABLE=1 -c -I../Core/Inc -I../Drivers/STM32F1xx_HAL_Driver/Inc -I../Drivers/CMSIS/Device/ST/STM32F1xx/Include -I../Drivers/CMSIS/Include -I"D:/Github/Project/CHARGE_BATTERY/Firmware/STM32/Control_LLC/BSP/UART" -I"D:/Github/Project/CHARGE_BATTERY/Firmware/STM32/Control_LLC/BSP/ADC" -I"D:/Github/Project/CHARGE_BATTERY/Firmware/STM32/Control_LLC/BSP/PWM" -I"D:/Github/Project/CHARGE_BATTERY/Firmware/STM32/Control_LLC/Middleware/PI_Control" -I"D:/Github/Project/CHARGE_BATTERY/Firmware/STM32/Control_LLC/App/Control" -I"D:/Github/Project/CHARGE_BATTERY/Firmware/STM32/Control_LLC/App/LED" -I"D:/Github/Project/CHARGE_BATTERY/Firmware/STM32/Control_LLC/Scheduler" -I"D:/Github/Project/CHARGE_BATTERY/Firmware/STM32/Control_LLC/App/CMDLine/Include" -I"D:/Github/Project/CHARGE_BATTERY/Firmware/STM32/Control_LLC/BSP/SysTick" -I"D:/Github/Project/CHARGE_BATTERY/Firmware/STM32/Control_LLC/App/Common/Include" -I"D:/Github/Project/CHARGE_BATTERY/Firmware/STM32/Control_LLC/Middleware/Frequency_convert_pulse" -I"D:/Github/Project/CHARGE_BATTERY/Firmware/STM32/Control_LLC/BSP/I2C" -I"D:/Github/Project/CHARGE_BATTERY/Firmware/STM32/Control_LLC/Devices/ADS1115" -I"D:/Github/Project/CHARGE_BATTERY/Firmware/STM32/Control_LLC/BSP" -I"D:/Github/Project/CHARGE_BATTERY/Firmware/STM32/Control_LLC/Devices" -I"D:/Github/Project/CHARGE_BATTERY/Firmware/STM32/Control_LLC/Middleware/Voltage_convert_frequency" -I"D:/Github/Project/CHARGE_BATTERY/Firmware/STM32/Control_LLC/App/Data" -O0 -ffunction-sections -fdata-sections -Wall -fstack-usage -fcyclomatic-complexity -MMD -MP -MF"Core/Src/stm32f1xx_it.d" -MT"Core/Src/stm32f1xx_it.o" --specs=nano.specs -mfloat-abi=soft -mthumb -o "Core/Src/stm32f1xx_it.o"
arm-none-eabi-gcc "../Core/Src/syscalls.c" -mcpu=cortex-m3 -std=gnu11 -g3 -DDEBUG -DSTM32F103xB -DUSE_FULL_LL_DRIVER -DHSE_VALUE=8000000 -DHSE_STARTUP_TIMEOUT=100 -DLSE_STARTUP_TIMEOUT=5000 -DLSE_VALUE=32768 -DHSI_VALUE=8000000 -DLSI_VALUE=40000 -DVDD_VALUE=3300 -DPREFETCH_ENABLE=1 -c -I../Core/Inc -I../Drivers/STM32F1xx_HAL_Driver/Inc -I../Drivers/CMSIS/Device/ST/STM32F1xx/Include -I../Drivers/CMSIS/Include -I"D:/Github/Project/CHARGE_BATTERY/Firmware/STM32/Control_LLC/BSP/UART" -I"D:/Github/Project/CHARGE_BATTERY/Firmware/STM32/Control_LLC/BSP/ADC" -I"D:/Github/Project/CHARGE_BATTERY/Firmware/STM32/Control_LLC/BSP/PWM" -I"D:/Github/Project/CHARGE_BATTERY/Firmware/STM32/Control_LLC/Middleware/PI_Control" -I"D:/Github/Project/CHARGE_BATTERY/Firmware/STM32/Control_LLC/App/Control" -I"D:/Github/Project/CHARGE_BATTERY/Firmware/STM32/Control_LLC/App/LED" -I"D:/Github/Project/CHARGE_BATTERY/Firmware/STM32/Control_LLC/Scheduler" -I"D:/Github/Project/CHARGE_BATTERY/Firmware/STM32/Control_LLC/App/CMDLine/Include" -I"D:/Github/Project/CHARGE_BATTERY/Firmware/STM32/Control_LLC/BSP/SysTick" -I"D:/Github/Project/CHARGE_BATTERY/Firmware/STM32/Control_LLC/App/Common/Include" -I"D:/Github/Project/CHARGE_BATTERY/Firmware/STM32/Control_LLC/Middleware/Frequency_convert_pulse" -I"D:/Github/Project/CHARGE_BATTERY/Firmware/STM32/Control_LLC/BSP/I2C" -I"D:/Github/Project/CHARGE_BATTERY/Firmware/STM32/Control_LLC/Devices/ADS1115" -I"D:/Github/Project/CHARGE_BATTERY/Firmware/STM32/Control_LLC/BSP" -I"D:/Github/Project/CHARGE_BATTERY/Firmware/STM32/Control_LLC/Devices" -I"D:/Github/Project/CHARGE_BATTERY/Firmware/STM32/Control_LLC/Middleware/Voltage_convert_frequency" -I"D:/Github/Project/CHARGE_BATTERY/Firmware/STM32/Control_LLC/App/Data" -O0 -ffunction-sections -fdata-sections -Wall -fstack-usage -fcyclomatic-complexity -MMD -MP -MF"Core/Src/syscalls.d" -MT"Core/Src/syscalls.o" --specs=nano.specs -mfloat-abi=soft -mthumb -o "Core/Src/syscalls.o"
arm-none-eabi-gcc "../Core/Src/sysmem.c" -mcpu=cortex-m3 -std=gnu11 -g3 -DDEBUG -DSTM32F103xB -DUSE_FULL_LL_DRIVER -DHSE_VALUE=8000000 -DHSE_STARTUP_TIMEOUT=100 -DLSE_STARTUP_TIMEOUT=5000 -DLSE_VALUE=32768 -DHSI_VALUE=8000000 -DLSI_VALUE=40000 -DVDD_VALUE=3300 -DPREFETCH_ENABLE=1 -c -I../Core/Inc -I../Drivers/STM32F1xx_HAL_Driver/Inc -I../Drivers/CMSIS/Device/ST/STM32F1xx/Include -I../Drivers/CMSIS/Include -I"D:/Github/Project/CHARGE_BATTERY/Firmware/STM32/Control_LLC/BSP/UART" -I"D:/Github/Project/CHARGE_BATTERY/Firmware/STM32/Control_LLC/BSP/ADC" -I"D:/Github/Project/CHARGE_BATTERY/Firmware/STM32/Control_LLC/BSP/PWM" -I"D:/Github/Project/CHARGE_BATTERY/Firmware/STM32/Control_LLC/Middleware/PI_Control" -I"D:/Github/Project/CHARGE_BATTERY/Firmware/STM32/Control_LLC/App/Control" -I"D:/Github/Project/CHARGE_BATTERY/Firmware/STM32/Control_LLC/App/LED" -I"D:/Github/Project/CHARGE_BATTERY/Firmware/STM32/Control_LLC/Scheduler" -I"D:/Github/Project/CHARGE_BATTERY/Firmware/STM32/Control_LLC/App/CMDLine/Include" -I"D:/Github/Project/CHARGE_BATTERY/Firmware/STM32/Control_LLC/BSP/SysTick" -I"D:/Github/Project/CHARGE_BATTERY/Firmware/STM32/Control_LLC/App/Common/Include" -I"D:/Github/Project/CHARGE_BATTERY/Firmware/STM32/Control_LLC/Middleware/Frequency_convert_pulse" -I"D:/Github/Project/CHARGE_BATTERY/Firmware/STM32/Control_LLC/BSP/I2C" -I"D:/Github/Project/CHARGE_BATTERY/Firmware/STM32/Control_LLC/Devices/ADS1115" -I"D:/Github/Project/CHARGE_BATTERY/Firmware/STM32/Control_LLC/BSP" -I"D:/Github/Project/CHARGE_BATTERY/Firmware/STM32/Control_LLC/Devices" -I"D:/Github/Project/CHARGE_BATTERY/Firmware/STM32/Control_LLC/Middleware/Voltage_convert_frequency" -I"D:/Github/Project/CHARGE_BATTERY/Firmware/STM32/Control_LLC/App/Data" -O0 -ffunction-sections -fdata-sections -Wall -fstack-usage -fcyclomatic-complexity -MMD -MP -MF"Core/Src/sysmem.d" -MT"Core/Src/sysmem.o" --specs=nano.specs -mfloat-abi=soft -mthumb -o "Core/Src/sysmem.o"
arm-none-eabi-gcc "../Core/Src/system_stm32f1xx.c" -mcpu=cortex-m3 -std=gnu11 -g3 -DDEBUG -DSTM32F103xB -DUSE_FULL_LL_DRIVER -DHSE_VALUE=8000000 -DHSE_STARTUP_TIMEOUT=100 -DLSE_STARTUP_TIMEOUT=5000 -DLSE_VALUE=32768 -DHSI_VALUE=8000000 -DLSI_VALUE=40000 -DVDD_VALUE=3300 -DPREFETCH_ENABLE=1 -c -I../Core/Inc -I../Drivers/STM32F1xx_HAL_Driver/Inc -I../Drivers/CMSIS/Device/ST/STM32F1xx/Include -I../Drivers/CMSIS/Include -I"D:/Github/Project/CHARGE_BATTERY/Firmware/STM32/Control_LLC/BSP/UART" -I"D:/Github/Project/CHARGE_BATTERY/Firmware/STM32/Control_LLC/BSP/ADC" -I"D:/Github/Project/CHARGE_BATTERY/Firmware/STM32/Control_LLC/BSP/PWM" -I"D:/Github/Project/CHARGE_BATTERY/Firmware/STM32/Control_LLC/Middleware/PI_Control" -I"D:/Github/Project/CHARGE_BATTERY/Firmware/STM32/Control_LLC/App/Control" -I"D:/Github/Project/CHARGE_BATTERY/Firmware/STM32/Control_LLC/App/LED" -I"D:/Github/Project/CHARGE_BATTERY/Firmware/STM32/Control_LLC/Scheduler" -I"D:/Github/Project/CHARGE_BATTERY/Firmware/STM32/Control_LLC/App/CMDLine/Include" -I"D:/Github/Project/CHARGE_BATTERY/Firmware/STM32/Control_LLC/BSP/SysTick" -I"D:/Github/Project/CHARGE_BATTERY/Firmware/STM32/Control_LLC/App/Common/Include" -I"D:/Github/Project/CHARGE_BATTERY/Firmware/STM32/Control_LLC/Middleware/Frequency_convert_pulse" -I"D:/Github/Project/CHARGE_BATTERY/Firmware/STM32/Control_LLC/BSP/I2C" -I"D:/Github/Project/CHARGE_BATTERY/Firmware/STM32/Control_LLC/Devices/ADS1115" -I"D:/Github/Project/CHARGE_BATTERY/Firmware/STM32/Control_LLC/BSP" -I"D:/Github/Project/CHARGE_BATTERY/Firmware/STM32/Control_LLC/Devices" -I"D:/Github/Project/CHARGE_BATTERY/Firmware/STM32/Control_LLC/Middleware/Voltage_convert_frequency" -I"D:/Github/Project/CHARGE_BATTERY/Firmware/STM32/Control_LLC/App/Data" -O0 -ffunction-sections -fdata-sections -Wall -fstack-usage -fcyclomatic-complexity -MMD -MP -MF"Core/Src/system_stm32f1xx.d" -MT"Core/Src/system_stm32f1xx.o" --specs=nano.specs -mfloat-abi=soft -mthumb -o "Core/Src/system_stm32f1xx.o"
arm-none-eabi-gcc "../BSP/UART/ring_buffer.c" -mcpu=cortex-m3 -std=gnu11 -g3 -DDEBUG -DSTM32F103xB -DUSE_FULL_LL_DRIVER -DHSE_VALUE=8000000 -DHSE_STARTUP_TIMEOUT=100 -DLSE_STARTUP_TIMEOUT=5000 -DLSE_VALUE=32768 -DHSI_VALUE=8000000 -DLSI_VALUE=40000 -DVDD_VALUE=3300 -DPREFETCH_ENABLE=1 -c -I../Core/Inc -I../Drivers/STM32F1xx_HAL_Driver/Inc -I../Drivers/CMSIS/Device/ST/STM32F1xx/Include -I../Drivers/CMSIS/Include -I"D:/Github/Project/CHARGE_BATTERY/Firmware/STM32/Control_LLC/BSP/UART" -I"D:/Github/Project/CHARGE_BATTERY/Firmware/STM32/Control_LLC/BSP/ADC" -I"D:/Github/Project/CHARGE_BATTERY/Firmware/STM32/Control_LLC/BSP/PWM" -I"D:/Github/Project/CHARGE_BATTERY/Firmware/STM32/Control_LLC/Middleware/PI_Control" -I"D:/Github/Project/CHARGE_BATTERY/Firmware/STM32/Control_LLC/App/Control" -I"D:/Github/Project/CHARGE_BATTERY/Firmware/STM32/Control_LLC/App/LED" -I"D:/Github/Project/CHARGE_BATTERY/Firmware/STM32/Control_LLC/Scheduler" -I"D:/Github/Project/CHARGE_BATTERY/Firmware/STM32/Control_LLC/App/CMDLine/Include" -I"D:/Github/Project/CHARGE_BATTERY/Firmware/STM32/Control_LLC/BSP/SysTick" -I"D:/Github/Project/CHARGE_BATTERY/Firmware/STM32/Control_LLC/App/Common/Include" -I"D:/Github/Project/CHARGE_BATTERY/Firmware/STM32/Control_LLC/Middleware/Frequency_convert_pulse" -I"D:/Github/Project/CHARGE_BATTERY/Firmware/STM32/Control_LLC/BSP/I2C" -I"D:/Github/Project/CHARGE_BATTERY/Firmware/STM32/Control_LLC/Devices/ADS1115" -I"D:/Github/Project/CHARGE_BATTERY/Firmware/STM32/Control_LLC/BSP" -I"D:/Github/Project/CHARGE_BATTERY/Firmware/STM32/Control_LLC/Devices" -I"D:/Github/Project/CHARGE_BATTERY/Firmware/STM32/Control_LLC/Middleware/Voltage_convert_frequency" -I"D:/Github/Project/CHARGE_BATTERY/Firmware/STM32/Control_LLC/App/Data" -O0 -ffunction-sections -fdata-sections -Wall -fstack-usage -fcyclomatic-complexity -MMD -MP -MF"BSP/UART/ring_buffer.d" -MT"BSP/UART/ring_buffer.o" --specs=nano.specs -mfloat-abi=soft -mthumb -o "BSP/UART/ring_buffer.o"
arm-none-eabi-gcc "../BSP/UART/uart.c" -mcpu=cortex-m3 -std=gnu11 -g3 -DDEBUG -DSTM32F103xB -DUSE_FULL_LL_DRIVER -DHSE_VALUE=8000000 -DHSE_STARTUP_TIMEOUT=100 -DLSE_STARTUP_TIMEOUT=5000 -DLSE_VALUE=32768 -DHSI_VALUE=8000000 -DLSI_VALUE=40000 -DVDD_VALUE=3300 -DPREFETCH_ENABLE=1 -c -I../Core/Inc -I../Drivers/STM32F1xx_HAL_Driver/Inc -I../Drivers/CMSIS/Device/ST/STM32F1xx/Include -I../Drivers/CMSIS/Include -I"D:/Github/Project/CHARGE_BATTERY/Firmware/STM32/Control_LLC/BSP/UART" -I"D:/Github/Project/CHARGE_BATTERY/Firmware/STM32/Control_LLC/BSP/ADC" -I"D:/Github/Project/CHARGE_BATTERY/Firmware/STM32/Control_LLC/BSP/PWM" -I"D:/Github/Project/CHARGE_BATTERY/Firmware/STM32/Control_LLC/Middleware/PI_Control" -I"D:/Github/Project/CHARGE_BATTERY/Firmware/STM32/Control_LLC/App/Control" -I"D:/Github/Project/CHARGE_BATTERY/Firmware/STM32/Control_LLC/App/LED" -I"D:/Github/Project/CHARGE_BATTERY/Firmware/STM32/Control_LLC/Scheduler" -I"D:/Github/Project/CHARGE_BATTERY/Firmware/STM32/Control_LLC/App/CMDLine/Include" -I"D:/Github/Project/CHARGE_BATTERY/Firmware/STM32/Control_LLC/BSP/SysTick" -I"D:/Github/Project/CHARGE_BATTERY/Firmware/STM32/Control_LLC/App/Common/Include" -I"D:/Github/Project/CHARGE_BATTERY/Firmware/STM32/Control_LLC/Middleware/Frequency_convert_pulse" -I"D:/Github/Project/CHARGE_BATTERY/Firmware/STM32/Control_LLC/BSP/I2C" -I"D:/Github/Project/CHARGE_BATTERY/Firmware/STM32/Control_LLC/Devices/ADS1115" -I"D:/Github/Project/CHARGE_BATTERY/Firmware/STM32/Control_LLC/BSP" -I"D:/Github/Project/CHARGE_BATTERY/Firmware/STM32/Control_LLC/Devices" -I"D:/Github/Project/CHARGE_BATTERY/Firmware/STM32/Control_LLC/Middleware/Voltage_convert_frequency" -I"D:/Github/Project/CHARGE_BATTERY/Firmware/STM32/Control_LLC/App/Data" -O0 -ffunction-sections -fdata-sections -Wall -fstack-usage -fcyclomatic-complexity -MMD -MP -MF"BSP/UART/uart.d" -MT"BSP/UART/uart.o" --specs=nano.specs -mfloat-abi=soft -mthumb -o "BSP/UART/uart.o"
arm-none-eabi-gcc "../BSP/SysTick/systick.c" -mcpu=cortex-m3 -std=gnu11 -g3 -DDEBUG -DSTM32F103xB -DUSE_FULL_LL_DRIVER -DHSE_VALUE=8000000 -DHSE_STARTUP_TIMEOUT=100 -DLSE_STARTUP_TIMEOUT=5000 -DLSE_VALUE=32768 -DHSI_VALUE=8000000 -DLSI_VALUE=40000 -DVDD_VALUE=3300 -DPREFETCH_ENABLE=1 -c -I../Core/Inc -I../Drivers/STM32F1xx_HAL_Driver/Inc -I../Drivers/CMSIS/Device/ST/STM32F1xx/Include -I../Drivers/CMSIS/Include -I"D:/Github/Project/CHARGE_BATTERY/Firmware/STM32/Control_LLC/BSP/UART" -I"D:/Github/Project/CHARGE_BATTERY/Firmware/STM32/Control_LLC/BSP/ADC" -I"D:/Github/Project/CHARGE_BATTERY/Firmware/STM32/Control_LLC/BSP/PWM" -I"D:/Github/Project/CHARGE_BATTERY/Firmware/STM32/Control_LLC/Middleware/PI_Control" -I"D:/Github/Project/CHARGE_BATTERY/Firmware/STM32/Control_LLC/App/Control" -I"D:/Github/Project/CHARGE_BATTERY/Firmware/STM32/Control_LLC/App/LED" -I"D:/Github/Project/CHARGE_BATTERY/Firmware/STM32/Control_LLC/Scheduler" -I"D:/Github/Project/CHARGE_BATTERY/Firmware/STM32/Control_LLC/App/CMDLine/Include" -I"D:/Github/Project/CHARGE_BATTERY/Firmware/STM32/Control_LLC/BSP/SysTick" -I"D:/Github/Project/CHARGE_BATTERY/Firmware/STM32/Control_LLC/App/Common/Include" -I"D:/Github/Project/CHARGE_BATTERY/Firmware/STM32/Control_LLC/Middleware/Frequency_convert_pulse" -I"D:/Github/Project/CHARGE_BATTERY/Firmware/STM32/Control_LLC/BSP/I2C" -I"D:/Github/Project/CHARGE_BATTERY/Firmware/STM32/Control_LLC/Devices/ADS1115" -I"D:/Github/Project/CHARGE_BATTERY/Firmware/STM32/Control_LLC/BSP" -I"D:/Github/Project/CHARGE_BATTERY/Firmware/STM32/Control_LLC/Devices" -I"D:/Github/Project/CHARGE_BATTERY/Firmware/STM32/Control_LLC/Middleware/Voltage_convert_frequency" -I"D:/Github/Project/CHARGE_BATTERY/Firmware/STM32/Control_LLC/App/Data" -O0 -ffunction-sections -fdata-sections -Wall -fstack-usage -fcyclomatic-complexity -MMD -MP -MF"BSP/SysTick/systick.d" -MT"BSP/SysTick/systick.o" --specs=nano.specs -mfloat-abi=soft -mthumb -o "BSP/SysTick/systick.o"
arm-none-eabi-gcc "../BSP/PWM/pwm.c" -mcpu=cortex-m3 -std=gnu11 -g3 -DDEBUG -DSTM32F103xB -DUSE_FULL_LL_DRIVER -DHSE_VALUE=8000000 -DHSE_STARTUP_TIMEOUT=100 -DLSE_STARTUP_TIMEOUT=5000 -DLSE_VALUE=32768 -DHSI_VALUE=8000000 -DLSI_VALUE=40000 -DVDD_VALUE=3300 -DPREFETCH_ENABLE=1 -c -I../Core/Inc -I../Drivers/STM32F1xx_HAL_Driver/Inc -I../Drivers/CMSIS/Device/ST/STM32F1xx/Include -I../Drivers/CMSIS/Include -I"D:/Github/Project/CHARGE_BATTERY/Firmware/STM32/Control_LLC/BSP/UART" -I"D:/Github/Project/CHARGE_BATTERY/Firmware/STM32/Control_LLC/BSP/ADC" -I"D:/Github/Project/CHARGE_BATTERY/Firmware/STM32/Control_LLC/BSP/PWM" -I"D:/Github/Project/CHARGE_BATTERY/Firmware/STM32/Control_LLC/Middleware/PI_Control" -I"D:/Github/Project/CHARGE_BATTERY/Firmware/STM32/Control_LLC/App/Control" -I"D:/Github/Project/CHARGE_BATTERY/Firmware/STM32/Control_LLC/App/LED" -I"D:/Github/Project/CHARGE_BATTERY/Firmware/STM32/Control_LLC/Scheduler" -I"D:/Github/Project/CHARGE_BATTERY/Firmware/STM32/Control_LLC/App/CMDLine/Include" -I"D:/Github/Project/CHARGE_BATTERY/Firmware/STM32/Control_LLC/BSP/SysTick" -I"D:/Github/Project/CHARGE_BATTERY/Firmware/STM32/Control_LLC/App/Common/Include" -I"D:/Github/Project/CHARGE_BATTERY/Firmware/STM32/Control_LLC/Middleware/Frequency_convert_pulse" -I"D:/Github/Project/CHARGE_BATTERY/Firmware/STM32/Control_LLC/BSP/I2C" -I"D:/Github/Project/CHARGE_BATTERY/Firmware/STM32/Control_LLC/Devices/ADS1115" -I"D:/Github/Project/CHARGE_BATTERY/Firmware/STM32/Control_LLC/BSP" -I"D:/Github/Project/CHARGE_BATTERY/Firmware/STM32/Control_LLC/Devices" -I"D:/Github/Project/CHARGE_BATTERY/Firmware/STM32/Control_LLC/Middleware/Voltage_convert_frequency" -I"D:/Github/Project/CHARGE_BATTERY/Firmware/STM32/Control_LLC/App/Data" -O0 -ffunction-sections -fdata-sections -Wall -fstack-usage -fcyclomatic-complexity -MMD -MP -MF"BSP/PWM/pwm.d" -MT"BSP/PWM/pwm.o" --specs=nano.specs -mfloat-abi=soft -mthumb -o "BSP/PWM/pwm.o"
arm-none-eabi-gcc "../BSP/I2C/i2c.c" -mcpu=cortex-m3 -std=gnu11 -g3 -DDEBUG -DSTM32F103xB -DUSE_FULL_LL_DRIVER -DHSE_VALUE=8000000 -DHSE_STARTUP_TIMEOUT=100 -DLSE_STARTUP_TIMEOUT=5000 -DLSE_VALUE=32768 -DHSI_VALUE=8000000 -DLSI_VALUE=40000 -DVDD_VALUE=3300 -DPREFETCH_ENABLE=1 -c -I../Core/Inc -I../Drivers/STM32F1xx_HAL_Driver/Inc -I../Drivers/CMSIS/Device/ST/STM32F1xx/Include -I../Drivers/CMSIS/Include -I"D:/Github/Project/CHARGE_BATTERY/Firmware/STM32/Control_LLC/BSP/UART" -I"D:/Github/Project/CHARGE_BATTERY/Firmware/STM32/Control_LLC/BSP/ADC" -I"D:/Github/Project/CHARGE_BATTERY/Firmware/STM32/Control_LLC/BSP/PWM" -I"D:/Github/Project/CHARGE_BATTERY/Firmware/STM32/Control_LLC/Middleware/PI_Control" -I"D:/Github/Project/CHARGE_BATTERY/Firmware/STM32/Control_LLC/App/Control" -I"D:/Github/Project/CHARGE_BATTERY/Firmware/STM32/Control_LLC/App/LED" -I"D:/Github/Project/CHARGE_BATTERY/Firmware/STM32/Control_LLC/Scheduler" -I"D:/Github/Project/CHARGE_BATTERY/Firmware/STM32/Control_LLC/App/CMDLine/Include" -I"D:/Github/Project/CHARGE_BATTERY/Firmware/STM32/Control_LLC/BSP/SysTick" -I"D:/Github/Project/CHARGE_BATTERY/Firmware/STM32/Control_LLC/App/Common/Include" -I"D:/Github/Project/CHARGE_BATTERY/Firmware/STM32/Control_LLC/Middleware/Frequency_convert_pulse" -I"D:/Github/Project/CHARGE_BATTERY/Firmware/STM32/Control_LLC/BSP/I2C" -I"D:/Github/Project/CHARGE_BATTERY/Firmware/STM32/Control_LLC/Devices/ADS1115" -I"D:/Github/Project/CHARGE_BATTERY/Firmware/STM32/Control_LLC/BSP" -I"D:/Github/Project/CHARGE_BATTERY/Firmware/STM32/Control_LLC/Devices" -I"D:/Github/Project/CHARGE_BATTERY/Firmware/STM32/Control_LLC/Middleware/Voltage_convert_frequency" -I"D:/Github/Project/CHARGE_BATTERY/Firmware/STM32/Control_LLC/App/Data" -O0 -ffunction-sections -fdata-sections -Wall -fstack-usage -fcyclomatic-complexity -MMD -MP -MF"BSP/I2C/i2c.d" -MT"BSP/I2C/i2c.o" --specs=nano.specs -mfloat-abi=soft -mthumb -o "BSP/I2C/i2c.o"
arm-none-eabi-gcc "../BSP/ADC/adc.c" -mcpu=cortex-m3 -std=gnu11 -g3 -DDEBUG -DSTM32F103xB -DUSE_FULL_LL_DRIVER -DHSE_VALUE=8000000 -DHSE_STARTUP_TIMEOUT=100 -DLSE_STARTUP_TIMEOUT=5000 -DLSE_VALUE=32768 -DHSI_VALUE=8000000 -DLSI_VALUE=40000 -DVDD_VALUE=3300 -DPREFETCH_ENABLE=1 -c -I../Core/Inc -I../Drivers/STM32F1xx_HAL_Driver/Inc -I../Drivers/CMSIS/Device/ST/STM32F1xx/Include -I../Drivers/CMSIS/Include -I"D:/Github/Project/CHARGE_BATTERY/Firmware/STM32/Control_LLC/BSP/UART" -I"D:/Github/Project/CHARGE_BATTERY/Firmware/STM32/Control_LLC/BSP/ADC" -I"D:/Github/Project/CHARGE_BATTERY/Firmware/STM32/Control_LLC/BSP/PWM" -I"D:/Github/Project/CHARGE_BATTERY/Firmware/STM32/Control_LLC/Middleware/PI_Control" -I"D:/Github/Project/CHARGE_BATTERY/Firmware/STM32/Control_LLC/App/Control" -I"D:/Github/Project/CHARGE_BATTERY/Firmware/STM32/Control_LLC/App/LED" -I"D:/Github/Project/CHARGE_BATTERY/Firmware/STM32/Control_LLC/Scheduler" -I"D:/Github/Project/CHARGE_BATTERY/Firmware/STM32/Control_LLC/App/CMDLine/Include" -I"D:/Github/Project/CHARGE_BATTERY/Firmware/STM32/Control_LLC/BSP/SysTick" -I"D:/Github/Project/CHARGE_BATTERY/Firmware/STM32/Control_LLC/App/Common/Include" -I"D:/Github/Project/CHARGE_BATTERY/Firmware/STM32/Control_LLC/Middleware/Frequency_convert_pulse" -I"D:/Github/Project/CHARGE_BATTERY/Firmware/STM32/Control_LLC/BSP/I2C" -I"D:/Github/Project/CHARGE_BATTERY/Firmware/STM32/Control_LLC/Devices/ADS1115" -I"D:/Github/Project/CHARGE_BATTERY/Firmware/STM32/Control_LLC/BSP" -I"D:/Github/Project/CHARGE_BATTERY/Firmware/STM32/Control_LLC/Devices" -I"D:/Github/Project/CHARGE_BATTERY/Firmware/STM32/Control_LLC/Middleware/Voltage_convert_frequency" -I"D:/Github/Project/CHARGE_BATTERY/Firmware/STM32/Control_LLC/App/Data" -O0 -ffunction-sections -fdata-sections -Wall -fstack-usage -fcyclomatic-complexity -MMD -MP -MF"BSP/ADC/adc.d" -MT"BSP/ADC/adc.o" --specs=nano.specs -mfloat-abi=soft -mthumb -o "BSP/ADC/adc.o"
arm-none-eabi-gcc "../App/LED/status_led.c" -mcpu=cortex-m3 -std=gnu11 -g3 -DDEBUG -DSTM32F103xB -DUSE_FULL_LL_DRIVER -DHSE_VALUE=8000000 -DHSE_STARTUP_TIMEOUT=100 -DLSE_STARTUP_TIMEOUT=5000 -DLSE_VALUE=32768 -DHSI_VALUE=8000000 -DLSI_VALUE=40000 -DVDD_VALUE=3300 -DPREFETCH_ENABLE=1 -c -I../Core/Inc -I../Drivers/STM32F1xx_HAL_Driver/Inc -I../Drivers/CMSIS/Device/ST/STM32F1xx/Include -I../Drivers/CMSIS/Include -I"D:/Github/Project/CHARGE_BATTERY/Firmware/STM32/Control_LLC/BSP/UART" -I"D:/Github/Project/CHARGE_BATTERY/Firmware/STM32/Control_LLC/BSP/ADC" -I"D:/Github/Project/CHARGE_BATTERY/Firmware/STM32/Control_LLC/BSP/PWM" -I"D:/Github/Project/CHARGE_BATTERY/Firmware/STM32/Control_LLC/Middleware/PI_Control" -I"D:/Github/Project/CHARGE_BATTERY/Firmware/STM32/Control_LLC/App/Control" -I"D:/Github/Project/CHARGE_BATTERY/Firmware/STM32/Control_LLC/App/LED" -I"D:/Github/Project/CHARGE_BATTERY/Firmware/STM32/Control_LLC/Scheduler" -I"D:/Github/Project/CHARGE_BATTERY/Firmware/STM32/Control_LLC/App/CMDLine/Include" -I"D:/Github/Project/CHARGE_BATTERY/Firmware/STM32/Control_LLC/BSP/SysTick" -I"D:/Github/Project/CHARGE_BATTERY/Firmware/STM32/Control_LLC/App/Common/Include" -I"D:/Github/Project/CHARGE_BATTERY/Firmware/STM32/Control_LLC/Middleware/Frequency_convert_pulse" -I"D:/Github/Project/CHARGE_BATTERY/Firmware/STM32/Control_LLC/BSP/I2C" -I"D:/Github/Project/CHARGE_BATTERY/Firmware/STM32/Control_LLC/Devices/ADS1115" -I"D:/Github/Project/CHARGE_BATTERY/Firmware/STM32/Control_LLC/BSP" -I"D:/Github/Project/CHARGE_BATTERY/Firmware/STM32/Control_LLC/Devices" -I"D:/Github/Project/CHARGE_BATTERY/Firmware/STM32/Control_LLC/Middleware/Voltage_convert_frequency" -I"D:/Github/Project/CHARGE_BATTERY/Firmware/STM32/Control_LLC/App/Data" -O0 -ffunction-sections -fdata-sections -Wall -fstack-usage -fcyclomatic-complexity -MMD -MP -MF"App/LED/status_led.d" -MT"App/LED/status_led.o" --specs=nano.specs -mfloat-abi=soft -mthumb -o "App/LED/status_led.o"
arm-none-eabi-gcc "../App/Data/data_struct.c" -mcpu=cortex-m3 -std=gnu11 -g3 -DDEBUG -DSTM32F103xB -DUSE_FULL_LL_DRIVER -DHSE_VALUE=8000000 -DHSE_STARTUP_TIMEOUT=100 -DLSE_STARTUP_TIMEOUT=5000 -DLSE_VALUE=32768 -DHSI_VALUE=8000000 -DLSI_VALUE=40000 -DVDD_VALUE=3300 -DPREFETCH_ENABLE=1 -c -I../Core/Inc -I../Drivers/STM32F1xx_HAL_Driver/Inc -I../Drivers/CMSIS/Device/ST/STM32F1xx/Include -I../Drivers/CMSIS/Include -I"D:/Github/Project/CHARGE_BATTERY/Firmware/STM32/Control_LLC/BSP/UART" -I"D:/Github/Project/CHARGE_BATTERY/Firmware/STM32/Control_LLC/BSP/ADC" -I"D:/Github/Project/CHARGE_BATTERY/Firmware/STM32/Control_LLC/BSP/PWM" -I"D:/Github/Project/CHARGE_BATTERY/Firmware/STM32/Control_LLC/Middleware/PI_Control" -I"D:/Github/Project/CHARGE_BATTERY/Firmware/STM32/Control_LLC/App/Control" -I"D:/Github/Project/CHARGE_BATTERY/Firmware/STM32/Control_LLC/App/LED" -I"D:/Github/Project/CHARGE_BATTERY/Firmware/STM32/Control_LLC/Scheduler" -I"D:/Github/Project/CHARGE_BATTERY/Firmware/STM32/Control_LLC/App/CMDLine/Include" -I"D:/Github/Project/CHARGE_BATTERY/Firmware/STM32/Control_LLC/BSP/SysTick" -I"D:/Github/Project/CHARGE_BATTERY/Firmware/STM32/Control_LLC/App/Common/Include" -I"D:/Github/Project/CHARGE_BATTERY/Firmware/STM32/Control_LLC/Middleware/Frequency_convert_pulse" -I"D:/Github/Project/CHARGE_BATTERY/Firmware/STM32/Control_LLC/BSP/I2C" -I"D:/Github/Project/CHARGE_BATTERY/Firmware/STM32/Control_LLC/Devices/ADS1115" -I"D:/Github/Project/CHARGE_BATTERY/Firmware/STM32/Control_LLC/BSP" -I"D:/Github/Project/CHARGE_BATTERY/Firmware/STM32/Control_LLC/Devices" -I"D:/Github/Project/CHARGE_BATTERY/Firmware/STM32/Control_LLC/Middleware/Voltage_convert_frequency" -I"D:/Github/Project/CHARGE_BATTERY/Firmware/STM32/Control_LLC/App/Data" -O0 -ffunction-sections -fdata-sections -Wall -fstack-usage -fcyclomatic-complexity -MMD -MP -MF"App/Data/data_struct.d" -MT"App/Data/data_struct.o" --specs=nano.specs -mfloat-abi=soft -mthumb -o "App/Data/data_struct.o"
arm-none-eabi-gcc "../App/Control/control_power.c" -mcpu=cortex-m3 -std=gnu11 -g3 -DDEBUG -DSTM32F103xB -DUSE_FULL_LL_DRIVER -DHSE_VALUE=8000000 -DHSE_STARTUP_TIMEOUT=100 -DLSE_STARTUP_TIMEOUT=5000 -DLSE_VALUE=32768 -DHSI_VALUE=8000000 -DLSI_VALUE=40000 -DVDD_VALUE=3300 -DPREFETCH_ENABLE=1 -c -I../Core/Inc -I../Drivers/STM32F1xx_HAL_Driver/Inc -I../Drivers/CMSIS/Device/ST/STM32F1xx/Include -I../Drivers/CMSIS/Include -I"D:/Github/Project/CHARGE_BATTERY/Firmware/STM32/Control_LLC/BSP/UART" -I"D:/Github/Project/CHARGE_BATTERY/Firmware/STM32/Control_LLC/BSP/ADC" -I"D:/Github/Project/CHARGE_BATTERY/Firmware/STM32/Control_LLC/BSP/PWM" -I"D:/Github/Project/CHARGE_BATTERY/Firmware/STM32/Control_LLC/Middleware/PI_Control" -I"D:/Github/Project/CHARGE_BATTERY/Firmware/STM32/Control_LLC/App/Control" -I"D:/Github/Project/CHARGE_BATTERY/Firmware/STM32/Control_LLC/App/LED" -I"D:/Github/Project/CHARGE_BATTERY/Firmware/STM32/Control_LLC/Scheduler" -I"D:/Github/Project/CHARGE_BATTERY/Firmware/STM32/Control_LLC/App/CMDLine/Include" -I"D:/Github/Project/CHARGE_BATTERY/Firmware/STM32/Control_LLC/BSP/SysTick" -I"D:/Github/Project/CHARGE_BATTERY/Firmware/STM32/Control_LLC/App/Common/Include" -I"D:/Github/Project/CHARGE_BATTERY/Firmware/STM32/Control_LLC/Middleware/Frequency_convert_pulse" -I"D:/Github/Project/CHARGE_BATTERY/Firmware/STM32/Control_LLC/BSP/I2C" -I"D:/Github/Project/CHARGE_BATTERY/Firmware/STM32/Control_LLC/Devices/ADS1115" -I"D:/Github/Project/CHARGE_BATTERY/Firmware/STM32/Control_LLC/BSP" -I"D:/Github/Project/CHARGE_BATTERY/Firmware/STM32/Control_LLC/Devices" -I"D:/Github/Project/CHARGE_BATTERY/Firmware/STM32/Control_LLC/Middleware/Voltage_convert_frequency" -I"D:/Github/Project/CHARGE_BATTERY/Firmware/STM32/Control_LLC/App/Data" -O0 -ffunction-sections -fdata-sections -Wall -fstack-usage -fcyclomatic-complexity -MMD -MP -MF"App/Control/control_power.d" -MT"App/Control/control_power.o" --specs=nano.specs -mfloat-abi=soft -mthumb -o "App/Control/control_power.o"
arm-none-eabi-gcc "../App/CMDLine/cmdline.c" -mcpu=cortex-m3 -std=gnu11 -g3 -DDEBUG -DSTM32F103xB -DUSE_FULL_LL_DRIVER -DHSE_VALUE=8000000 -DHSE_STARTUP_TIMEOUT=100 -DLSE_STARTUP_TIMEOUT=5000 -DLSE_VALUE=32768 -DHSI_VALUE=8000000 -DLSI_VALUE=40000 -DVDD_VALUE=3300 -DPREFETCH_ENABLE=1 -c -I../Core/Inc -I../Drivers/STM32F1xx_HAL_Driver/Inc -I../Drivers/CMSIS/Device/ST/STM32F1xx/Include -I../Drivers/CMSIS/Include -I"D:/Github/Project/CHARGE_BATTERY/Firmware/STM32/Control_LLC/BSP/UART" -I"D:/Github/Project/CHARGE_BATTERY/Firmware/STM32/Control_LLC/BSP/ADC" -I"D:/Github/Project/CHARGE_BATTERY/Firmware/STM32/Control_LLC/BSP/PWM" -I"D:/Github/Project/CHARGE_BATTERY/Firmware/STM32/Control_LLC/Middleware/PI_Control" -I"D:/Github/Project/CHARGE_BATTERY/Firmware/STM32/Control_LLC/App/Control" -I"D:/Github/Project/CHARGE_BATTERY/Firmware/STM32/Control_LLC/App/LED" -I"D:/Github/Project/CHARGE_BATTERY/Firmware/STM32/Control_LLC/Scheduler" -I"D:/Github/Project/CHARGE_BATTERY/Firmware/STM32/Control_LLC/App/CMDLine/Include" -I"D:/Github/Project/CHARGE_BATTERY/Firmware/STM32/Control_LLC/BSP/SysTick" -I"D:/Github/Project/CHARGE_BATTERY/Firmware/STM32/Control_LLC/App/Common/Include" -I"D:/Github/Project/CHARGE_BATTERY/Firmware/STM32/Control_LLC/Middleware/Frequency_convert_pulse" -I"D:/Github/Project/CHARGE_BATTERY/Firmware/STM32/Control_LLC/BSP/I2C" -I"D:/Github/Project/CHARGE_BATTERY/Firmware/STM32/Control_LLC/Devices/ADS1115" -I"D:/Github/Project/CHARGE_BATTERY/Firmware/STM32/Control_LLC/BSP" -I"D:/Github/Project/CHARGE_BATTERY/Firmware/STM32/Control_LLC/Devices" -I"D:/Github/Project/CHARGE_BATTERY/Firmware/STM32/Control_LLC/Middleware/Voltage_convert_frequency" -I"D:/Github/Project/CHARGE_BATTERY/Firmware/STM32/Control_LLC/App/Data" -O0 -ffunction-sections -fdata-sections -Wall -fstack-usage -fcyclomatic-complexity -MMD -MP -MF"App/CMDLine/cmdline.d" -MT"App/CMDLine/cmdline.o" --specs=nano.specs -mfloat-abi=soft -mthumb -o "App/CMDLine/cmdline.o"
arm-none-eabi-gcc "../App/CMDLine/command.c" -mcpu=cortex-m3 -std=gnu11 -g3 -DDEBUG -DSTM32F103xB -DUSE_FULL_LL_DRIVER -DHSE_VALUE=8000000 -DHSE_STARTUP_TIMEOUT=100 -DLSE_STARTUP_TIMEOUT=5000 -DLSE_VALUE=32768 -DHSI_VALUE=8000000 -DLSI_VALUE=40000 -DVDD_VALUE=3300 -DPREFETCH_ENABLE=1 -c -I../Core/Inc -I../Drivers/STM32F1xx_HAL_Driver/Inc -I../Drivers/CMSIS/Device/ST/STM32F1xx/Include -I../Drivers/CMSIS/Include -I"D:/Github/Project/CHARGE_BATTERY/Firmware/STM32/Control_LLC/BSP/UART" -I"D:/Github/Project/CHARGE_BATTERY/Firmware/STM32/Control_LLC/BSP/ADC" -I"D:/Github/Project/CHARGE_BATTERY/Firmware/STM32/Control_LLC/BSP/PWM" -I"D:/Github/Project/CHARGE_BATTERY/Firmware/STM32/Control_LLC/Middleware/PI_Control" -I"D:/Github/Project/CHARGE_BATTERY/Firmware/STM32/Control_LLC/App/Control" -I"D:/Github/Project/CHARGE_BATTERY/Firmware/STM32/Control_LLC/App/LED" -I"D:/Github/Project/CHARGE_BATTERY/Firmware/STM32/Control_LLC/Scheduler" -I"D:/Github/Project/CHARGE_BATTERY/Firmware/STM32/Control_LLC/App/CMDLine/Include" -I"D:/Github/Project/CHARGE_BATTERY/Firmware/STM32/Control_LLC/BSP/SysTick" -I"D:/Github/Project/CHARGE_BATTERY/Firmware/STM32/Control_LLC/App/Common/Include" -I"D:/Github/Project/CHARGE_BATTERY/Firmware/STM32/Control_LLC/Middleware/Frequency_convert_pulse" -I"D:/Github/Project/CHARGE_BATTERY/Firmware/STM32/Control_LLC/BSP/I2C" -I"D:/Github/Project/CHARGE_BATTERY/Firmware/STM32/Control_LLC/Devices/ADS1115" -I"D:/Github/Project/CHARGE_BATTERY/Firmware/STM32/Control_LLC/BSP" -I"D:/Github/Project/CHARGE_BATTERY/Firmware/STM32/Control_LLC/Devices" -I"D:/Github/Project/CHARGE_BATTERY/Firmware/STM32/Control_LLC/Middleware/Voltage_convert_frequency" -I"D:/Github/Project/CHARGE_BATTERY/Firmware/STM32/Control_LLC/App/Data" -O0 -ffunction-sections -fdata-sections -Wall -fstack-usage -fcyclomatic-complexity -MMD -MP -MF"App/CMDLine/command.d" -MT"App/CMDLine/command.o" --specs=nano.specs -mfloat-abi=soft -mthumb -o "App/CMDLine/command.o"
../App/Control/control_power.c: In function 'APP_CONTROL_Init':
../App/Control/control_power.c:106:25: warning: passing argument 1 of 'APP_CONTROL_ResetData' from incompatible pointer type [-Wincompatible-pointer-types]
  106 |   APP_CONTROL_ResetData(&control_llc_data);
      |                         ^~~~~~~~~~~~~~~~~
      |                         |
      |                         CONTROL_LLC_DataTypedef * {aka struct _CONTROL_LLC_DataTypedef *}
../App/Control/control_power.c:58:52: note: expected 'Control_Power_t *' {aka 'struct _Control_Power_t *'} but argument is of type 'CONTROL_LLC_DataTypedef *' {aka 'struct _CONTROL_LLC_DataTypedef *'}
   58 | static void APP_CONTROL_ResetData(Control_Power_t *control_data)
      |                                   ~~~~~~~~~~~~~~~~~^~~~~~~~~~~~
arm-none-eabi-gcc -o "Control_LLC.elf" @"objects.list"   -mcpu=cortex-m3 -T"D:\Github\Project\CHARGE_BATTERY\Firmware\STM32\Control_LLC\STM32F103C8TX_FLASH.ld" --specs=nosys.specs -Wl,-Map="Control_LLC.map" -Wl,--gc-sections -static --specs=nano.specs -mfloat-abi=soft -mthumb -Wl,--start-group -lc -lm -Wl,--end-group
Finished building target: Control_LLC.elf
 
arm-none-eabi-size  Control_LLC.elf 
arm-none-eabi-objdump -h -S Control_LLC.elf  > "Control_LLC.list"
arm-none-eabi-objcopy  -O ihex Control_LLC.elf  "Control_LLC.hex"
   text	   data	    bss	    dec	    hex	filename
  19600	    196	   2844	  22640	   5870	Control_LLC.elf
Finished building: default.size.stdout
 
Finished building: Control_LLC.hex
 
Finished building: Control_LLC.list
 

17:12:53 Build Finished. 0 errors, 1 warnings. (took 3s.597ms)

