21:38:02 **** Incremental Build of configuration Debug for project Control_LLC ****
make -j6 all 
arm-none-eabi-gcc "../BSP/PWM/pwm.c" -mcpu=cortex-m3 -std=gnu11 -g3 -DDEBUG -DSTM32F103xB -DUSE_FULL_LL_DRIVER -DHSE_VALUE=8000000 -DHSE_STARTUP_TIMEOUT=100 -DLSE_STARTUP_TIMEOUT=5000 -DLSE_VALUE=32768 -DHSI_VALUE=8000000 -DLSI_VALUE=40000 -DVDD_VALUE=3300 -DPREFETCH_ENABLE=1 -c -I../Core/Inc -I../Drivers/STM32F1xx_HAL_Driver/Inc -I../Drivers/CMSIS/Device/ST/STM32F1xx/Include -I../Drivers/CMSIS/Include -I"D:/Github/Project/CHARGE_BATTERY/Firmware/STM32/Control_LLC/BSP/UART" -I"D:/Github/Project/CHARGE_BATTERY/Firmware/STM32/Control_LLC/BSP/ADC" -I"D:/Github/Project/CHARGE_BATTERY/Firmware/STM32/Control_LLC/BSP/PWM" -I"D:/Github/Project/CHARGE_BATTERY/Firmware/STM32/Control_LLC/Middleware/PI_Control" -I"D:/Github/Project/CHARGE_BATTERY/Firmware/STM32/Control_LLC/App/Control" -I"D:/Github/Project/CHARGE_BATTERY/Firmware/STM32/Control_LLC/App/LED" -I"D:/Github/Project/CHARGE_BATTERY/Firmware/STM32/Control_LLC/Scheduler" -I"D:/Github/Project/CHARGE_BATTERY/Firmware/STM32/Control_LLC/App/CMDLine/Include" -I"D:/Github/Project/CHARGE_BATTERY/Firmware/STM32/Control_LLC/BSP/SysTick" -I"D:/Github/Project/CHARGE_BATTERY/Firmware/STM32/Control_LLC/App/Common/Include" -I"D:/Github/Project/CHARGE_BATTERY/Firmware/STM32/Control_LLC/Middleware/Frequency_convert_pulse" -I"D:/Github/Project/CHARGE_BATTERY/Firmware/STM32/Control_LLC/BSP/I2C" -I"D:/Github/Project/CHARGE_BATTERY/Firmware/STM32/Control_LLC/Devices/ADS1115" -I"D:/Github/Project/CHARGE_BATTERY/Firmware/STM32/Control_LLC/BSP" -I"D:/Github/Project/CHARGE_BATTERY/Firmware/STM32/Control_LLC/Devices" -O0 -ffunction-sections -fdata-sections -Wall -fstack-usage -fcyclomatic-complexity -MMD -MP -MF"BSP/PWM/pwm.d" -MT"BSP/PWM/pwm.o" --specs=nano.specs -mfloat-abi=soft -mthumb -o "BSP/PWM/pwm.o"
arm-none-eabi-gcc -o "Control_LLC.elf" @"objects.list"   -mcpu=cortex-m3 -T"D:\Github\Project\CHARGE_BATTERY\Firmware\STM32\Control_LLC\STM32F103C8TX_FLASH.ld" --specs=nosys.specs -Wl,-Map="Control_LLC.map" -Wl,--gc-sections -static --specs=nano.specs -mfloat-abi=soft -mthumb -Wl,--start-group -lc -lm -Wl,--end-group
Finished building target: Control_LLC.elf
 
arm-none-eabi-size  Control_LLC.elf 
arm-none-eabi-objdump -h -S Control_LLC.elf  > "Control_LLC.list"
arm-none-eabi-objcopy  -O ihex Control_LLC.elf  "Control_LLC.hex"
   text	   data	    bss	    dec	    hex	filename
  15396	     24	   1568	  16988	   425c	Control_LLC.elf
Finished building: default.size.stdout
 
Finished building: Control_LLC.hex
 
Finished building: Control_LLC.list
 
