../Drivers/STM32F1xx_HAL_Driver/Inc/stm32f1xx_ll_tim.h:1054:22:LL_TIM_EnableCounter	16	static
../Drivers/STM32F1xx_HAL_Driver/Inc/stm32f1xx_ll_tim.h:1065:22:LL_TIM_DisableCounter	16	static
../Drivers/STM32F1xx_HAL_Driver/Inc/stm32f1xx_ll_tim.h:1234:22:LL_TIM_EnableARRPreload	16	static
../Drivers/STM32F1xx_HAL_Driver/Inc/stm32f1xx_ll_tim.h:1531:22:LL_TIM_CC_EnableChannel	16	static
../Drivers/STM32F1xx_HAL_Driver/Inc/stm32f1xx_ll_tim.h:1556:22:LL_TIM_CC_DisableChannel	16	static
../Drivers/STM32F1xx_HAL_Driver/Inc/stm32f1xx_ll_tim.h:1653:22:LL_TIM_OC_SetMode	32	static
../Drivers/STM32F1xx_HAL_Driver/Inc/stm32f1xx_ll_tim.h:2022:22:LL_TIM_OC_SetDeadTime	16	static
../Drivers/STM32F1xx_HAL_Driver/Inc/stm32f1xx_ll_tim.h:2873:22:LL_TIM_EnableAllOutputs	16	static
../Drivers/STM32F1xx_HAL_Driver/Inc/stm32f1xx_ll_tim.h:2888:22:LL_TIM_DisableAllOutputs	16	static
../Drivers/STM32F1xx_HAL_Driver/Inc/stm32f1xx_ll_tim.h:3763:22:LL_TIM_GenerateEvent_UPDATE	16	static
../BSP/TIMER/PWM/pwm.c:28:1:BSP_PWM_EnableTimerChannel1	24	static
../BSP/TIMER/PWM/pwm.c:73:1:BSP_PWM_DisableTimerChannel1	24	static
../BSP/TIMER/PWM/pwm.c:111:1:BSP_PWM_SetParameterProcessChannel1	16	static
